Component: ARM Compiler 5.05 update 2 (build 169) Tool: armlink [4d0f33]

==============================================================================

Section Cross References

    startup_stm32f10x_md.o(RESET) refers to startup_stm32f10x_md.o(STACK) for __initial_sp
    startup_stm32f10x_md.o(RESET) refers to startup_stm32f10x_md.o(.text) for Reset_Handler
    startup_stm32f10x_md.o(RESET) refers to stm32f10x_it.o(i.NMI_Handler) for NMI_Handler
    startup_stm32f10x_md.o(RESET) refers to stm32f10x_it.o(i.HardFault_Handler) for HardFault_Handler
    startup_stm32f10x_md.o(RESET) refers to stm32f10x_it.o(i.MemManage_Handler) for MemManage_Handler
    startup_stm32f10x_md.o(RESET) refers to stm32f10x_it.o(i.BusFault_Handler) for BusFault_Handler
    startup_stm32f10x_md.o(RESET) refers to stm32f10x_it.o(i.UsageFault_Handler) for UsageFault_Handler
    startup_stm32f10x_md.o(RESET) refers to stm32f10x_it.o(i.SVC_Handler) for SVC_Handler
    startup_stm32f10x_md.o(RESET) refers to stm32f10x_it.o(i.DebugMon_Handler) for DebugMon_Handler
    startup_stm32f10x_md.o(RESET) refers to stm32f10x_it.o(i.PendSV_Handler) for PendSV_Handler
    startup_stm32f10x_md.o(RESET) refers to stm32f10x_it.o(i.SysTick_Handler) for SysTick_Handler
    startup_stm32f10x_md.o(RESET) refers to stm32f10x_it.o(i.EXTI9_5_IRQHandler) for EXTI9_5_IRQHandler
    startup_stm32f10x_md.o(RESET) refers to main.o(i.TIM2_IRQHandler) for TIM2_IRQHandler
    startup_stm32f10x_md.o(RESET) refers to stm32f10x_it.o(i.USART2_IRQHandler) for USART2_IRQHandler
    startup_stm32f10x_md.o(.text) refers to system_stm32f10x.o(i.SystemInit) for SystemInit
    startup_stm32f10x_md.o(.text) refers to entry.o(.ARM.Collect$$$$00000000) for __main
    system_stm32f10x.o(i.SetSysClock) refers to system_stm32f10x.o(i.SetSysClockTo72) for SetSysClockTo72
    system_stm32f10x.o(i.SystemCoreClockUpdate) refers to system_stm32f10x.o(.data) for SystemCoreClock
    system_stm32f10x.o(i.SystemInit) refers to system_stm32f10x.o(i.SetSysClock) for SetSysClock
    stm32f10x_adc.o(i.ADC_DeInit) refers to stm32f10x_rcc.o(i.RCC_APB2PeriphResetCmd) for RCC_APB2PeriphResetCmd
    stm32f10x_bkp.o(i.BKP_DeInit) refers to stm32f10x_rcc.o(i.RCC_BackupResetCmd) for RCC_BackupResetCmd
    stm32f10x_can.o(i.CAN_DeInit) refers to stm32f10x_rcc.o(i.RCC_APB1PeriphResetCmd) for RCC_APB1PeriphResetCmd
    stm32f10x_can.o(i.CAN_GetITStatus) refers to stm32f10x_can.o(i.CheckITStatus) for CheckITStatus
    stm32f10x_cec.o(i.CEC_DeInit) refers to stm32f10x_rcc.o(i.RCC_APB1PeriphResetCmd) for RCC_APB1PeriphResetCmd
    stm32f10x_dac.o(i.DAC_DeInit) refers to stm32f10x_rcc.o(i.RCC_APB1PeriphResetCmd) for RCC_APB1PeriphResetCmd
    stm32f10x_flash.o(i.FLASH_EnableWriteProtection) refers to stm32f10x_flash.o(i.FLASH_WaitForLastOperation) for FLASH_WaitForLastOperation
    stm32f10x_flash.o(i.FLASH_EraseAllBank1Pages) refers to stm32f10x_flash.o(i.FLASH_WaitForLastBank1Operation) for FLASH_WaitForLastBank1Operation
    stm32f10x_flash.o(i.FLASH_EraseAllPages) refers to stm32f10x_flash.o(i.FLASH_WaitForLastOperation) for FLASH_WaitForLastOperation
    stm32f10x_flash.o(i.FLASH_EraseOptionBytes) refers to stm32f10x_flash.o(i.FLASH_GetReadOutProtectionStatus) for FLASH_GetReadOutProtectionStatus
    stm32f10x_flash.o(i.FLASH_EraseOptionBytes) refers to stm32f10x_flash.o(i.FLASH_WaitForLastOperation) for FLASH_WaitForLastOperation
    stm32f10x_flash.o(i.FLASH_ErasePage) refers to stm32f10x_flash.o(i.FLASH_WaitForLastOperation) for FLASH_WaitForLastOperation
    stm32f10x_flash.o(i.FLASH_ProgramHalfWord) refers to stm32f10x_flash.o(i.FLASH_WaitForLastOperation) for FLASH_WaitForLastOperation
    stm32f10x_flash.o(i.FLASH_ProgramOptionByteData) refers to stm32f10x_flash.o(i.FLASH_WaitForLastOperation) for FLASH_WaitForLastOperation
    stm32f10x_flash.o(i.FLASH_ProgramWord) refers to stm32f10x_flash.o(i.FLASH_WaitForLastOperation) for FLASH_WaitForLastOperation
    stm32f10x_flash.o(i.FLASH_ReadOutProtection) refers to stm32f10x_flash.o(i.FLASH_WaitForLastOperation) for FLASH_WaitForLastOperation
    stm32f10x_flash.o(i.FLASH_UserOptionByteConfig) refers to stm32f10x_flash.o(i.FLASH_WaitForLastOperation) for FLASH_WaitForLastOperation
    stm32f10x_flash.o(i.FLASH_WaitForLastBank1Operation) refers to stm32f10x_flash.o(i.FLASH_GetBank1Status) for FLASH_GetBank1Status
    stm32f10x_flash.o(i.FLASH_WaitForLastOperation) refers to stm32f10x_flash.o(i.FLASH_GetBank1Status) for FLASH_GetBank1Status
    stm32f10x_gpio.o(i.GPIO_AFIODeInit) refers to stm32f10x_rcc.o(i.RCC_APB2PeriphResetCmd) for RCC_APB2PeriphResetCmd
    stm32f10x_gpio.o(i.GPIO_DeInit) refers to stm32f10x_rcc.o(i.RCC_APB2PeriphResetCmd) for RCC_APB2PeriphResetCmd
    stm32f10x_i2c.o(i.I2C_DeInit) refers to stm32f10x_rcc.o(i.RCC_APB1PeriphResetCmd) for RCC_APB1PeriphResetCmd
    stm32f10x_i2c.o(i.I2C_Init) refers to stm32f10x_rcc.o(i.RCC_GetClocksFreq) for RCC_GetClocksFreq
[...]
    Removing max30102.o(i.maxim_max30102_write_reg), (18 bytes).
    Removing myiic.o(i.IIC_ReadBytes), (94 bytes).
    Removing myiic.o(i.IIC_Read_One_Byte), (62 bytes).
    Removing myiic.o(i.IIC_WriteBytes), (60 bytes).
    Removing myiic.o(i.IIC_Write_One_Byte), (54 bytes).
    Removing fadd.o(.text), (176 bytes).
    Removing fflti.o(.text), (18 bytes).
    Removing cdcmple.o(.text), (48 bytes).
    Removing dsqrt.o(.text), (162 bytes).

493 unused section(s) (total 28839 bytes) removed from the image.

==============================================================================

Image Symbol Table

    Local Symbols

    Symbol Name                              Value     Ov Type        Size  Object(Section)

    ../clib/microlib/division.c              0x00000000   Number         0  uldiv.o ABSOLUTE
    ../clib/microlib/division.c              0x00000000   Number         0  uidiv.o ABSOLUTE
    ../clib/microlib/errno.c                 0x00000000   Number         0  errno.o ABSOLUTE
    ../clib/microlib/init/entry.s            0x00000000   Number         0  entry5.o ABSOLUTE
    ../clib/microlib/init/entry.s            0x00000000   Number         0  entry8a.o ABSOLUTE
    ../clib/microlib/init/entry.s            0x00000000   Number         0  entry.o ABSOLUTE
    ../clib/microlib/init/entry.s            0x00000000   Number         0  entry7a.o ABSOLUTE
    ../clib/microlib/init/entry.s            0x00000000   Number         0  entry7b.o ABSOLUTE
    ../clib/microlib/init/entry.s            0x00000000   Number         0  entry10a.o ABSOLUTE
    ../clib/microlib/init/entry.s            0x00000000   Number         0  entry9b.o ABSOLUTE
    ../clib/microlib/init/entry.s            0x00000000   Number         0  entry9a.o ABSOLUTE
    ../clib/microlib/init/entry.s            0x00000000   Number         0  entry11b.o ABSOLUTE
    ../clib/microlib/init/entry.s            0x00000000   Number         0  entry8b.o ABSOLUTE
    ../clib/microlib/init/entry.s            0x00000000   Number         0  entry2.o ABSOLUTE
    ../clib/microlib/init/entry.s            0x00000000   Number         0  entry11a.o ABSOLUTE
    ../clib/microlib/init/entry.s            0x00000000   Number         0  entry10b.o ABSOLUTE
    ../clib/microlib/longlong.c              0x00000000   Number         0  llsshr.o ABSOLUTE
    ../clib/microlib/longlong.c              0x00000000   Number         0  llushr.o ABSOLUTE
    ../clib/microlib/longlong.c              0x00000000   Number         0  llshl.o ABSOLUTE
    ../clib/microlib/printf/printf.c         0x00000000   Number         0  printfb.o ABSOLUTE
    ../clib/microlib/printf/printf.c         0x00000000   Number         0  printf0.o ABSOLUTE
    ../clib/microlib/printf/printf.c         0x00000000   Number         0  printf1.o ABSOLUTE
    ../clib/microlib/printf/printf.c         0x00000000   Number         0  printf2.o ABSOLUTE
    ../clib/microlib/printf/printf.c         0x00000000   Number         0  printf7.o ABSOLUTE
    ../clib/microlib/printf/printf.c         0x00000000   Number         0  printf8.o ABSOLUTE
    ../clib/microlib/printf/printf.c         0x00000000   Number         0  printfa.o ABSOLUTE
    ../clib/microlib/printf/printf.c         0x00000000   Number         0  printf5.o ABSOLUTE
    ../clib/microlib/printf/printf.c         0x00000000   Number         0  printf6.o ABSOLUTE
    ../clib/microlib/printf/printf.c         0x00000000   Number         0  printf4.o ABSOLUTE
    ../clib/microlib/printf/printf.c         0x00000000   Number         0  printf3.o ABSOLUTE
    ../clib/microlib/printf/stubs.s          0x00000000   Number         0  stubs.o ABSOLUTE
    ../clib/microlib/stdio/streams.c         0x00000000   Number         0  stdout.o ABSOLUTE
    ../clib/microlib/string/memcpy.c         0x00000000   Number         0  memcpyb.o ABSOLUTE
    ../clib/microlib/string/memcpy.c         0x00000000   Number         0  memcpya.o ABSOLUTE
    ../clib/microlib/string/memset.c         0x00000000   Number         0  memseta.o ABSOLUTE
    ../clib/microlib/string/strcat.c         0x00000000   Number         0  strcat.o ABSOLUTE
    ../clib/microlib/string/strlen.c         0x00000000   Number         0  strlen.o ABSOLUTE
    ../clib/microlib/stubs.s                 0x00000000   Number         0  iusefp.o ABSOLUTE
    ../fplib/microlib/d2f.c                  0x00000000   Number         0  d2f.o ABSOLUTE
    ../fplib/microlib/f2d.c                  0x00000000   Number         0  f2d.o ABSOLUTE
    ../fplib/microlib/fpadd.c                0x00000000   Number         0  fadd.o ABSOLUTE
    ../fplib/microlib/fpadd.c                0x00000000   Number         0  dadd.o ABSOLUTE
    ../fplib/microlib/fpdiv.c                0x00000000   Number         0  ddiv.o ABSOLUTE
    ../fplib/microlib/fpdiv.c                0x00000000   Number         0  fdiv.o ABSOLUTE
    ../fplib/microlib/fpepilogue.c           0x00000000   Number         0  depilogue.o ABSOLUTE
    ../fplib/microlib/fpepilogue.c           0x00000000   Number         0  fepilogue.o ABSOLUTE
    ../fplib/microlib/fpfix.c                0x00000000   Number         0  dfixul.o ABSOLUTE
    ../fplib/microlib/fpfix.c                0x00000000   Number         0  ffixui.o ABSOLUTE
    ../fplib/microlib/fpfix.c                0x00000000   Number         0  dfixui.o ABSOLUTE
    ../fplib/microlib/fpfix.c                0x00000000   Number         0  ffixi.o ABSOLUTE
    ../fplib/microlib/fpflt.c                0x00000000   Number         0  fflti.o ABSOLUTE
    ../fplib/microlib/fpflt.c                0x00000000   Number         0  ffltui.o ABSOLUTE
    ../fplib/microlib/fpflt.c                0x00000000   Number         0  dfltui.o ABSOLUTE
    ../fplib/microlib/fpflt.c                0x00000000   Number         0  dflti.o ABSOLUTE
    ../fplib/microlib/fpmul.c                0x00000000   Number         0  fmul.o ABSOLUTE
    ../fplib/microlib/fpmul.c                0x00000000   Number         0  dmul.o ABSOLUTE
    ../fplib/microlib/fpsqrt.c               0x00000000   Number         0  dsqrt.o ABSOLUTE
    ../mathlib/sqrt.c                        0x00000000   Number         0  sqrt_x.o ABSOLUTE
    ../mathlib/sqrt.c                        0x00000000   Number         0  sqrt.o ABSOLUTE
    ..\Libraries\CMSIS\core_cm3.c            0x00000000   Number         0  core_cm3.o ABSOLUTE
    ..\Libraries\CMSIS\startup\startup_stm32f10x_md.s 0x00000000   Number         0  startup_stm32f10x_md.o ABSOLUTE
    ..\Libraries\CMSIS\system_stm32f10x.c    0x00000000   Number         0  system_stm32f10x.o ABSOLUTE
    ..\Libraries\STM32F10x_StdPeriph_Driver\src\misc.c 0x00000000   Number         0  misc.o ABSOLUTE
    ..\Libraries\STM32F10x_StdPeriph_Driver\src\stm32f10x_adc.c 0x00000000   Number         0  stm32f10x_adc.o ABSOLUTE
    ..\Libraries\STM32F10x_StdPeriph_Driver\src\stm32f10x_bkp.c 0x00000000   Number         0  stm32f10x_bkp.o ABSOLUTE
    ..\Libraries\STM32F10x_StdPeriph_Driver\src\stm32f10x_can.c 0x00000000   Number         0  stm32f10x_can.o ABSOLUTE
    ..\Libraries\STM32F10x_StdPeriph_Driver\src\stm32f10x_cec.c 0x00000000   Number         0  stm32f10x_cec.o ABSOLUTE
    ..\Libraries\STM32F10x_StdPeriph_Driver\src\stm32f10x_crc.c 0x00000000   Number         0  stm32f10x_crc.o ABSOLUTE
    ..\Libraries\STM32F10x_StdPeriph_Driver\src\stm32f10x_dac.c 0x00000000   Number         0  stm32f10x_dac.o ABSOLUTE
    ..\Libraries\STM32F10x_StdPeriph_Driver\src\stm32f10x_dbgmcu.c 0x00000000   Number         0  stm32f10x_dbgmcu.o ABSOLUTE
    ..\Libraries\STM32F10x_StdPeriph_Driver\src\stm32f10x_dma.c 0x00000000   Number         0  stm32f10x_dma.o ABSOLUTE
    ..\Libraries\STM32F10x_StdPeriph_Driver\src\stm32f10x_exti.c 0x00000000   Number         0  stm32f10x_exti.o ABSOLUTE
    ..\Libraries\STM32F10x_StdPeriph_Driver\src\stm32f10x_flash.c 0x00000000   Number         0  stm32f10x_flash.o ABSOLUTE
    ..\Libraries\STM32F10x_StdPeriph_Driver\src\stm32f10x_fsmc.c 0x00000000   Number         0  stm32f10x_fsmc.o ABSOLUTE
    ..\Libraries\STM32F10x_StdPeriph_Driver\src\stm32f10x_gpio.c 0x00000000   Number         0  stm32f10x_gpio.o ABSOLUTE
    ..\Libraries\STM32F10x_StdPeriph_Driver\src\stm32f10x_i2c.c 0x00000000   Number         0  stm32f10x_i2c.o ABSOLUTE
    ..\Libraries\STM32F10x_StdPeriph_Driver\src\stm32f10x_iwdg.c 0x00000000   Number         0  stm32f10x_iwdg.o ABSOLUTE
    ..\Libraries\STM32F10x_StdPeriph_Driver\src\stm32f10x_pwr.c 0x00000000   Number         0  stm32f10x_pwr.o ABSOLUTE
    ..\Libraries\STM32F10x_StdPeriph_Driver\src\stm32f10x_rcc.c 0x00000000   Number         0  stm32f10x_rcc.o ABSOLUTE
    ..\Libraries\STM32F10x_StdPeriph_Driver\src\stm32f10x_rtc.c 0x00000000   Number         0  stm32f10x_rtc.o ABSOLUTE
    ..\Libraries\STM32F10x_StdPeriph_Driver\src\stm32f10x_sdio.c 0x00000000   Number         0  stm32f10x_sdio.o ABSOLUTE
    ..\Libraries\STM32F10x_StdPeriph_Driver\src\stm32f10x_spi.c 0x00000000   Number         0  stm32f10x_spi.o ABSOLUTE
    ..\Libraries\STM32F10x_StdPeriph_Driver\src\stm32f10x_tim.c 0x00000000   Number         0  stm32f10x_tim.o ABSOLUTE
    ..\Libraries\STM32F10x_StdPeriph_Driver\src\stm32f10x_usart.c 0x00000000   Number         0  stm32f10x_usart.o ABSOLUTE
    ..\Libraries\STM32F10x_StdPeriph_Driver\src\stm32f10x_wwdg.c 0x00000000   Number         0  stm32f10x_wwdg.o ABSOLUTE
    ..\User\BSP_ADC\bsp_adc.c                0x00000000   Number         0  bsp_adc.o ABSOLUTE
    ..\User\ESP01S\esp01s.c                  0x00000000   Number         0  esp01s.o ABSOLUTE
    ..\User\IIC_simulation\algorithm.c       0x00000000   Number         0  algorithm.o ABSOLUTE
    ..\User\IIC_simulation\max30102.c        0x00000000   Number         0  max30102.o ABSOLUTE
    ..\User\IIC_simulation\myiic.c           0x00000000   Number         0  myiic.o ABSOLUTE
    ..\User\LCD\GUI.c                        0x00000000   Number         0  gui.o ABSOLUTE
    ..\User\LCD\lcd.c                        0x00000000   Number         0  lcd.o ABSOLUTE
    ..\User\SysTick\bsp_SysTick.c            0x00000000   Number         0  bsp_systick.o ABSOLUTE
    ..\User\TOUCH\touch.c                    0x00000000   Number         0  touch.o ABSOLUTE
    ..\User\TimBase\bsp_TiMbase.c            0x00000000   Number         0  bsp_timbase.o ABSOLUTE
    ..\User\UI\key.c                         0x00000000   Number         0  key.o ABSOLUTE
    ..\User\UI\ui.c                          0x00000000   Number         0  ui.o ABSOLUTE
    ..\User\boot_picture\boot_picture.c      0x00000000   Number         0  boot_picture.o ABSOLUTE
    ..\User\delay\delay.c                    0x00000000   Number         0  delay.o ABSOLUTE
    ..\User\main.c                           0x00000000   Number         0  main.o ABSOLUTE
    ..\User\stm32f10x_it.c                   0x00000000   Number         0  stm32f10x_it.o ABSOLUTE
    ..\User\sys\sys.c                        0x00000000   Number         0  sys.o ABSOLUTE
    ..\User\tempurature\temperature.c        0x00000000   Number         0  temperature.o ABSOLUTE
    ..\User\test\test.c                      0x00000000   Number         0  test.o ABSOLUTE
    ..\User\usart\bsp_usart.c                0x00000000   Number         0  bsp_usart.o ABSOLUTE
    ..\\Libraries\\CMSIS\\core_cm3.c         0x00000000   Number         0  core_cm3.o ABSOLUTE
    ..\\User\\sys\\sys.c                     0x00000000   Number         0  sys.o ABSOLUTE
    cdcmple.s                                0x00000000   Number         0  cdcmple.o ABSOLUTE
    cdrcmple.s                               0x00000000   Number         0  cdrcmple.o ABSOLUTE
    dc.s                                     0x00000000   Number         0  dc.o ABSOLUTE
    handlers.s                               0x00000000   Number         0  handlers.o ABSOLUTE
    init.s                                   0x00000000   Number         0  init.o ABSOLUTE
    RESET                                    0x08000000   Section      236  startup_stm32f10x_md.o(RESET)
    .ARM.Collect$$$$00000000                 0x080000ec   Section        0  entry.o(.ARM.Collect$$$$00000000)
    .ARM.Collect$$$$00000001                 0x080000ec   Section        4  entry2.o(.ARM.Collect$$$$00000001)
    .ARM.Collect$$$$00000004                 0x080000f0   Section        4  entry5.o(.ARM.Collect$$$$00000004)
    .ARM.Collect$$$$00000008                 0x080000f4   Section        0  entry7b.o(.ARM.Collect$$$$00000008)
    .ARM.Collect$$$$0000000A                 0x080000f4   Section        0  entry8b.o(.ARM.Collect$$$$0000000A)
    .ARM.Collect$$$$0000000B                 0x080000f4   Section        8  entry9a.o(.ARM.Collect$$$$0000000B)
    .ARM.Collect$$$$0000000D                 0x080000fc   Section        0  entry10a.o(.ARM.Collect$$$$0000000D)
    .ARM.Collect$$$$0000000F                 0x080000fc   Section        0  entry11a.o(.ARM.Collect$$$$0000000F)
    .ARM.Collect$$$$00002712                 0x080000fc   Section        4  entry2.o(.ARM.Collect$$$$00002712)
    __lit__00000000                          0x080000fc   Data           4  entry2.o(.ARM.Collect$$$$00002712)
    .text                                    0x08000100   Section       36  startup_stm32f10x_md.o(.text)
    .text                                    0x08000124   Section        0  memcpya.o(.text)
    .text                                    0x08000148   Section        0  memseta.o(.text)
    .text                                    0x0800016c   Section        0  strcat.o(.text)
    .text                                    0x08000184   Section        0  strlen.o(.text)
    .text                                    0x08000192   Section        0  fmul.o(.text)
    .text                                    0x080001f6   Section        0  fdiv.o(.text)
    .text                                    0x08000272   Section        0  dadd.o(.text)
    .text                                    0x080003c0   Section        0  dmul.o(.text)
    .text                                    0x080004a4   Section        0  ddiv.o(.text)
    .text                                    0x08000582   Section        0  ffltui.o(.text)
    .text                                    0x0800058c   Section        0  dflti.o(.text)
    .text                                    0x080005ae   Section        0  dfltui.o(.text)
    .text                                    0x080005c8   Section        0  ffixi.o(.text)
    .text                                    0x080005fa   Section        0  ffixui.o(.text)
    .text                                    0x08000622   Section        0  dfixui.o(.text)
    .text                                    0x08000654   Section        0  f2d.o(.text)
    .text                                    0x0800067c   Section       48  cdrcmple.o(.text)
    .text                                    0x080006ac   Section        0  d2f.o(.text)
    .text                                    0x080006e4   Section        0  uidiv.o(.text)
    .text                                    0x08000710   Section        0  uldiv.o(.text)
    .text                                    0x08000772   Section        0  llshl.o(.text)
    .text                                    0x08000790   Section        0  llushr.o(.text)
    .text                                    0x080007b0   Section        0  llsshr.o(.text)
    .text                                    0x080007d4   Section        0  fepilogue.o(.text)
    .text                                    0x080007d4   Section        0  iusefp.o(.text)
    .text                                    0x08000842   Section        0  depilogue.o(.text)
    .text                                    0x080008fc   Section        0  dfixul.o(.text)
    .text                                    0x0800092c   Section       36  init.o(.text)
    i.ADC_Cmd                                0x08000950   Section        0  stm32f10x_adc.o(i.ADC_Cmd)
    i.ADC_DMACmd                             0x08000966   Section        0  stm32f10x_adc.o(i.ADC_DMACmd)
    i.ADC_GetCalibrationStatus               0x0800097c   Section        0  stm32f10x_adc.o(i.ADC_GetCalibrationStatus)
    i.ADC_GetResetCalibrationStatus          0x08000990   Section        0  stm32f10x_adc.o(i.ADC_GetResetCalibrationStatus)
    i.ADC_Init                               0x080009a4   Section        0  stm32f10x_adc.o(i.ADC_Init)
    i.ADC_RegularChannelConfig               0x080009f4   Section        0  stm32f10x_adc.o(i.ADC_RegularChannelConfig)
    i.ADC_ResetCalibration                   0x08000aac   Section        0  stm32f10x_adc.o(i.ADC_ResetCalibration)
    i.ADC_SoftwareStartConvCmd               0x08000ab6   Section        0  stm32f10x_adc.o(i.ADC_SoftwareStartConvCmd)
    i.ADC_StartCalibration                   0x08000acc   Section        0  stm32f10x_adc.o(i.ADC_StartCalibration)
    i.ADCx_GPIO_Config                       0x08000ad8   Section        0  bsp_adc.o(i.ADCx_GPIO_Config)
    ADCx_GPIO_Config                         0x08000ad9   Thumb Code    38  bsp_adc.o(i.ADCx_GPIO_Config)
    i.ADCx_Init                              0x08000b04   Section        0  bsp_adc.o(i.ADCx_Init)
    i.ADCx_Mode_Config                       0x08000b10   Section        0  bsp_adc.o(i.ADCx_Mode_Config)
    ADCx_Mode_Config                         0x08000b11   Thumb Code   248  bsp_adc.o(i.ADCx_Mode_Config)
    i.BASIC_TIM_Init                         0x08000c14   Section        0  bsp_timbase.o(i.BASIC_TIM_Init)
    i.BASIC_TIM_Mode_Config                  0x08000c20   Section        0  bsp_timbase.o(i.BASIC_TIM_Mode_Config)
    BASIC_TIM_Mode_Config                    0x08000c21   Thumb Code    76  bsp_timbase.o(i.BASIC_TIM_Mode_Config)
    i.BASIC_TIM_NVIC_Config                  0x08000c6c   Section        0  bsp_timbase.o(i.BASIC_TIM_NVIC_Config)
    BASIC_TIM_NVIC_Config                    0x08000c6d   Thumb Code    42  bsp_timbase.o(i.BASIC_TIM_NVIC_Config)
    i.BusFault_Handler                       0x08000c96   Section        0  stm32f10x_it.o(i.BusFault_Handler)
    i.Carry_Out_Judge                        0x08000c9c   Section        0  ui.o(i.Carry_Out_Judge)
    i.DMA_ClearFlag                          0x08000f34   Section        0  stm32f10x_dma.o(i.DMA_ClearFlag)
    i.DMA_Cmd                                0x08000f50   Section        0  stm32f10x_dma.o(i.DMA_Cmd)
    i.DMA_DeInit                             0x08000f68   Section        0  stm32f10x_dma.o(i.DMA_DeInit)
    i.DMA_GetFlagStatus                      0x080010b4   Section        0  stm32f10x_dma.o(i.DMA_GetFlagStatus)
    i.DMA_Init                               0x080010e0   Section        0  stm32f10x_dma.o(i.DMA_Init)
    i.DebugMon_Handler                       0x0800111c   Section        0  stm32f10x_it.o(i.DebugMon_Handler)
    i.DrawItem                               0x08001120   Section        0  ui.o(i.DrawItem)
    i.DrawPage_One                           0x08001168   Section        0  ui.o(i.DrawPage_One)
    i.Draw_Coordinate                        0x08001210   Section        0  gui.o(i.Draw_Coordinate)
    i.Draw_Wave_Line                         0x080012a0   Section        0  gui.o(i.Draw_Wave_Line)
    i.EXTI9_5_IRQHandler                     0x080013b0   Section        0  stm32f10x_it.o(i.EXTI9_5_IRQHandler)
    i.EXTI_ClearITPendingBit                 0x08001480   Section        0  stm32f10x_exti.o(i.EXTI_ClearITPendingBit)
    i.EXTI_GetITStatus                       0x0800148c   Section        0  stm32f10x_exti.o(i.EXTI_GetITStatus)
    i.EXTI_Init                              0x080014b4   Section        0  stm32f10x_exti.o(i.EXTI_Init)
    i.EXTI_Pxy_Config                        0x08001548   Section        0  key.o(i.EXTI_Pxy_Config)
    i.GPIO_EXTILineConfig                    0x08001604   Section        0  stm32f10x_gpio.o(i.GPIO_EXTILineConfig)
    i.GPIO_Init                              0x08001644   Section        0  stm32f10x_gpio.o(i.GPIO_Init)
    i.GPIO_ReadInputDataBit                  0x0800175a   Section        0  stm32f10x_gpio.o(i.GPIO_ReadInputDataBit)
    i.GUI_DrawFont16                         0x0800176c   Section        0  gui.o(i.GUI_DrawFont16)
    i.GUI_DrawFont24                         0x08001874   Section        0  gui.o(i.GUI_DrawFont24)
    i.GUI_DrawFont32                         0x0800198c   Section        0  gui.o(i.GUI_DrawFont32)
    i.Gui_Draw_Boot_Picture                  0x08001a94   Section        0  boot_picture.o(i.Gui_Draw_Boot_Picture)
    i.Gui_StrCenter                          0x08001af4   Section        0  gui.o(i.Gui_StrCenter)
    i.HardFault_Handler                      0x08001b3c   Section        0  stm32f10x_it.o(i.HardFault_Handler)
    i.Http_Send_Msg                          0x08001b40   Section        0  esp01s.o(i.Http_Send_Msg)
    i.IIC_Ack                                0x08001c24   Section        0  myiic.o(i.IIC_Ack)
    i.IIC_Init                               0x08001c74   Section        0  myiic.o(i.IIC_Init)
    i.IIC_NAck                               0x08001cb4   Section        0  myiic.o(i.IIC_NAck)
    i.IIC_Read_Byte                          0x08001d04   Section        0  myiic.o(i.IIC_Read_Byte)
    i.IIC_Send_Byte                          0x08001d74   Section        0  myiic.o(i.IIC_Send_Byte)
    i.IIC_Start                              0x08001ddc   Section        0  myiic.o(i.IIC_Start)
    i.IIC_Stop                               0x08001e28   Section        0  myiic.o(i.IIC_Stop)
    i.IIC_Wait_Ack                           0x08001e74   Section        0  myiic.o(i.IIC_Wait_Ack)
    i.LCD_DrawLine                           0x08001ed8   Section        0  gui.o(i.LCD_DrawLine)
    i.LCD_DrawPoint                          0x08001f88   Section        0  lcd.o(i.LCD_DrawPoint)
    i.LCD_DrawPoint_16Bit                    0x08001fd4   Section        0  lcd.o(i.LCD_DrawPoint_16Bit)
    i.LCD_Fill                               0x0800200c   Section        0  gui.o(i.LCD_Fill)
    i.LCD_Init                               0x080020b8   Section        0  lcd.o(i.LCD_Init)
    i.LCD_RESET                              0x080022fc   Section        0  lcd.o(i.LCD_RESET)
    i.LCD_SetCursor                          0x08002324   Section        0  lcd.o(i.LCD_SetCursor)
    i.LCD_SetParam                           0x0800235c   Section        0  lcd.o(i.LCD_SetParam)
    i.LCD_SetWindows                         0x08002388   Section        0  lcd.o(i.LCD_SetWindows)
    i.LCD_ShowChar                           0x080023dc   Section        0  gui.o(i.LCD_ShowChar)
    i.LCD_ShowNum                            0x08002500   Section        0  gui.o(i.LCD_ShowNum)
    i.LCD_ShowString                         0x080025b0   Section        0  gui.o(i.LCD_ShowString)
    i.LCD_WR_DATA                            0x0800261c   Section        0  lcd.o(i.LCD_WR_DATA)
    i.LCD_WR_REG                             0x0800264c   Section        0  lcd.o(i.LCD_WR_REG)
    i.LCD_WriteRAM_Prepare                   0x08002678   Section        0  lcd.o(i.LCD_WriteRAM_Prepare)
    i.LCD_WriteReg                           0x08002688   Section        0  lcd.o(i.LCD_WriteReg)
    i.MemManage_Handler                      0x0800269c   Section        0  stm32f10x_it.o(i.MemManage_Handler)
    i.NMI_Handler                            0x080026a0   Section        0  stm32f10x_it.o(i.NMI_Handler)
    i.NVIC_Configuration                     0x080026a2   Section        0  key.o(i.NVIC_Configuration)
    NVIC_Configuration                       0x080026a3   Thumb Code    42  key.o(i.NVIC_Configuration)
    i.NVIC_Init                              0x080026cc   Section        0  misc.o(i.NVIC_Init)
    i.NVIC_PriorityGroupConfig               0x0800273c   Section        0  misc.o(i.NVIC_PriorityGroupConfig)
    i.PendSV_Handler                         0x08002750   Section        0  stm32f10x_it.o(i.PendSV_Handler)
    i.RCC_ADCCLKConfig                       0x08002754   Section        0  stm32f10x_rcc.o(i.RCC_ADCCLKConfig)
    i.RCC_AHBPeriphClockCmd                  0x0800276c   Section        0  stm32f10x_rcc.o(i.RCC_AHBPeriphClockCmd)
    i.RCC_APB1PeriphClockCmd                 0x0800278c   Section        0  stm32f10x_rcc.o(i.RCC_APB1PeriphClockCmd)
    i.RCC_APB1PeriphResetCmd                 0x080027ac   Section        0  stm32f10x_rcc.o(i.RCC_APB1PeriphResetCmd)
    i.RCC_APB2PeriphClockCmd                 0x080027cc   Section        0  stm32f10x_rcc.o(i.RCC_APB2PeriphClockCmd)
    i.RCC_APB2PeriphResetCmd                 0x080027ec   Section        0  stm32f10x_rcc.o(i.RCC_APB2PeriphResetCmd)
    i.RCC_GetClocksFreq                      0x0800280c   Section        0  stm32f10x_rcc.o(i.RCC_GetClocksFreq)
    i.ReadADCAverageValue                    0x080028e0   Section        0  temperature.o(i.ReadADCAverageValue)
    i.SPI2_Init                              0x08002918   Section        0  lcd.o(i.SPI2_Init)
    i.SPI_Cmd                                0x080029d4   Section        0  stm32f10x_spi.o(i.SPI_Cmd)
    i.SPI_Init                               0x080029ec   Section        0  stm32f10x_spi.o(i.SPI_Init)
    i.SPI_WriteByte                          0x08002a28   Section        0  lcd.o(i.SPI_WriteByte)
    i.SVC_Handler                            0x08002a4a   Section        0  stm32f10x_it.o(i.SVC_Handler)
    i.Secondary_Pages_Init                   0x08002a4c   Section        0  ui.o(i.Secondary_Pages_Init)
    Secondary_Pages_Init                     0x08002a4d   Thumb Code    38  ui.o(i.Secondary_Pages_Init)
    i.SetSysClock                            0x08002a84   Section        0  system_stm32f10x.o(i.SetSysClock)
    SetSysClock                              0x08002a85   Thumb Code     8  system_stm32f10x.o(i.SetSysClock)
    i.SetSysClockTo72                        0x08002a8c   Section        0  system_stm32f10x.o(i.SetSysClockTo72)
    SetSysClockTo72                          0x08002a8d   Thumb Code   214  system_stm32f10x.o(i.SetSysClockTo72)
    i.Show_Str                               0x08002b6c   Section        0  gui.o(i.Show_Str)
    i.SysTick_CLKSourceConfig                0x08002c78   Section        0  misc.o(i.SysTick_CLKSourceConfig)
    i.SysTick_Config                         0x08002ca0   Section        0  bsp_systick.o(i.SysTick_Config)
    SysTick_Config                           0x08002ca1   Thumb Code    76  bsp_systick.o(i.SysTick_Config)
    i.SysTick_Handler                        0x08002cf4   Section        0  stm32f10x_it.o(i.SysTick_Handler)
    i.SysTick_Init                           0x08002cf8   Section        0  bsp_systick.o(i.SysTick_Init)
    i.SystemInit                             0x08002d1c   Section        0  system_stm32f10x.o(i.SystemInit)
    i.TIM2_IRQHandler                        0x08002d7c   Section        0  main.o(i.TIM2_IRQHandler)
    i.TIM_ClearFlag                          0x08002e04   Section        0  stm32f10x_tim.o(i.TIM_ClearFlag)
    i.TIM_ClearITPendingBit                  0x08002e0a   Section        0  stm32f10x_tim.o(i.TIM_ClearITPendingBit)
    i.TIM_Cmd                                0x08002e10   Section        0  stm32f10x_tim.o(i.TIM_Cmd)
    i.TIM_DeInit                             0x08002e28   Section        0  stm32f10x_tim.o(i.TIM_DeInit)
    i.TIM_GetITStatus                        0x08003010   Section        0  stm32f10x_tim.o(i.TIM_GetITStatus)
    i.TIM_ITConfig                           0x08003032   Section        0  stm32f10x_tim.o(i.TIM_ITConfig)
    i.TIM_TimeBaseInit                       0x08003044   Section        0  stm32f10x_tim.o(i.TIM_TimeBaseInit)
    i.USART1_Config                          0x080030e8   Section        0  bsp_usart.o(i.USART1_Config)
    i.USART2_Config                          0x08003198   Section        0  bsp_usart.o(i.USART2_Config)
    i.USART2_IRQHandler                      0x08003248   Section        0  stm32f10x_it.o(i.USART2_IRQHandler)
    i.USART_ClearITPendingBit                0x08003268   Section        0  stm32f10x_usart.o(i.USART_ClearITPendingBit)
    i.USART_Cmd                              0x08003286   Section        0  stm32f10x_usart.o(i.USART_Cmd)
    i.USART_GetFlagStatus                    0x0800329e   Section        0  stm32f10x_usart.o(i.USART_GetFlagStatus)
    i.USART_GetITStatus                      0x080032b8   Section        0  stm32f10x_usart.o(i.USART_GetITStatus)
    i.USART_ITConfig                         0x0800330c   Section        0  stm32f10x_usart.o(i.USART_ITConfig)
    i.USART_Init                             0x08003358   Section        0  stm32f10x_usart.o(i.USART_Init)
    i.USART_SendData                         0x08003430   Section        0  stm32f10x_usart.o(i.USART_SendData)
    i.UsageFault_Handler                     0x08003438   Section        0  stm32f10x_it.o(i.UsageFault_Handler)
    i.Usart_SendByte                         0x0800343c   Section        0  bsp_usart.o(i.Usart_SendByte)
    i.Usart_SendString                       0x0800345a   Section        0  bsp_usart.o(i.Usart_SendString)
    i.__0printf                              0x08003484   Section        0  printfa.o(i.__0printf)
    i.__0sprintf                             0x080034a4   Section        0  printfa.o(i.__0sprintf)
    i.__scatterload_copy                     0x080034cc   Section       14  handlers.o(i.__scatterload_copy)
    i.__scatterload_null                     0x080034da   Section        2  handlers.o(i.__scatterload_null)
    i.__scatterload_zeroinit                 0x080034dc   Section       14  handlers.o(i.__scatterload_zeroinit)
    i._fp_digits                             0x080034ec   Section        0  printfa.o(i._fp_digits)
    _fp_digits                               0x080034ed   Thumb Code   334  printfa.o(i._fp_digits)
    i._printf_core                           0x08003650   Section        0  printfa.o(i._printf_core)
    _printf_core                             0x08003651   Thumb Code  1744  printfa.o(i._printf_core)
    i._printf_post_padding                   0x08003d2c   Section        0  printfa.o(i._printf_post_padding)
    _printf_post_padding                     0x08003d2d   Thumb Code    36  printfa.o(i._printf_post_padding)
    i._printf_pre_padding                    0x08003d50   Section        0  printfa.o(i._printf_pre_padding)
    _printf_pre_padding                      0x08003d51   Thumb Code    46  printfa.o(i._printf_pre_padding)
    i._sputc                                 0x08003d7e   Section        0  printfa.o(i._sputc)
    _sputc                                   0x08003d7f   Thumb Code    10  printfa.o(i._sputc)
    i.calcuTem                               0x08003d88   Section        0  temperature.o(i.calcuTem)
    i.delay_init                             0x08003e64   Section        0  delay.o(i.delay_init)
    i.delay_ms                               0x08003ea0   Section        0  delay.o(i.delay_ms)
    i.delay_us                               0x08003edc   Section        0  delay.o(i.delay_us)
    i.fputc                                  0x08003f18   Section        0  bsp_usart.o(i.fputc)
    i.function_one                           0x08003f3c   Section        0  ui.o(i.function_one)
    i.function_three                         0x080041e8   Section        0  ui.o(i.function_three)
    i.function_two                           0x0800435c   Section        0  ui.o(i.function_two)
    i.main                                   0x08004450   Section        0  main.o(i.main)
    i.max30102_Bus_Read                      0x080047ac   Section        0  max30102.o(i.max30102_Bus_Read)
    i.max30102_Bus_Write                     0x080047fe   Section        0  max30102.o(i.max30102_Bus_Write)
    i.max30102_FIFO_ReadBytes                0x08004842   Section        0  max30102.o(i.max30102_FIFO_ReadBytes)
    i.max30102_init                          0x080048c4   Section        0  max30102.o(i.max30102_init)
    i.max30102_reset                         0x0800494c   Section        0  max30102.o(i.max30102_reset)
    i.maxim_find_peaks                       0x08004960   Section        0  algorithm.o(i.maxim_find_peaks)
    i.maxim_heart_rate_and_oxygen_saturation 0x080049a4   Section        0  algorithm.o(i.maxim_heart_rate_and_oxygen_saturation)
    i.maxim_peaks_above_min_height           0x08004ea4   Section        0  algorithm.o(i.maxim_peaks_above_min_height)
    i.maxim_remove_close_peaks               0x08004f1e   Section        0  algorithm.o(i.maxim_remove_close_peaks)
    i.maxim_sort_ascend                      0x08004f90   Section        0  algorithm.o(i.maxim_sort_ascend)
    i.maxim_sort_indices_descend             0x08004fc6   Section        0  algorithm.o(i.maxim_sort_indices_descend)
    i.mypow                                  0x08005006   Section        0  gui.o(i.mypow)
    .constdata                               0x0800501c   Section     7863  gui.o(.constdata)
    .constdata                               0x08006ed4   Section      362  temperature.o(.constdata)
    .constdata                               0x0800703e   Section      246  algorithm.o(.constdata)
    .constdata                               0x08007134   Section     8200  boot_picture.o(.constdata)
    .constdata                               0x0800913c   Section      352  esp01s.o(.constdata)
    .data                                    0x20000000   Section       20  system_stm32f10x.o(.data)
    .data                                    0x20000014   Section       20  stm32f10x_rcc.o(.data)
    APBAHBPrescTable                         0x20000014   Data          16  stm32f10x_rcc.o(.data)
    ADCPrescTable                            0x20000024   Data           4  stm32f10x_rcc.o(.data)
    .data                                    0x20000028   Section       20  main.o(.data)
    time                                     0x20000038   Data           4  main.o(.data)
    .data                                    0x2000003c   Section        6  lcd.o(.data)
    .data                                    0x20000042   Section        4  delay.o(.data)
    fac_us                                   0x20000042   Data           1  delay.o(.data)
    fac_ms                                   0x20000044   Data           2  delay.o(.data)
    .data                                    0x20000048   Section       18  ui.o(.data)
    .data                                    0x2000005c   Section        4  stdout.o(.data)
    .bss                                     0x20000060   Section      640  bsp_adc.o(.bss)
    .bss                                     0x200002e0   Section       14  lcd.o(.bss)
    .bss                                     0x200002f0   Section     5984  algorithm.o(.bss)
    an_dx                                    0x200002f0   Data        1984  algorithm.o(.bss)
    an_x                                     0x20000ab0   Data        2000  algorithm.o(.bss)
    an_y                                     0x20001280   Data        2000  algorithm.o(.bss)
    .bss                                     0x20001a50   Section     4000  ui.o(.bss)
    STACK                                    0x200029f0   Section     8192  startup_stm32f10x_md.o(STACK)

    Global Symbols

    Symbol Name                              Value     Ov Type        Size  Object(Section)

    BuildAttributes$$THM_ISAv4$P$D$K$B$S$PE$A:L22UL41UL21$X:L11$S22US41US21$IEEE1$IW$USESV6$~STKCKD$USESV7$~SHL$OTIME$ROPI$IEEEJ$EBA8$MICROLIB$REQ8$PRES8$EABIv2 0x00000000   Number         0  anon$$obj.o ABSOLUTE
    __ARM_use_no_argv                        0x00000000   Number         0  main.o ABSOLUTE
    _printf_a                                0x00000000   Number         0  stubs.o ABSOLUTE
    _printf_c                                0x00000000   Number         0  stubs.o ABSOLUTE
    _printf_charcount                        0x00000000   Number         0  stubs.o ABSOLUTE
    _printf_d                                0x00000000   Number         0  stubs.o ABSOLUTE
    _printf_e                                0x00000000   Number         0  stubs.o ABSOLUTE
    _printf_f                                0x00000000   Number         0  stubs.o ABSOLUTE
    _printf_flags                            0x00000000   Number         0  stubs.o ABSOLUTE
    _printf_fp_dec                           0x00000000   Number         0  stubs.o ABSOLUTE
    _printf_fp_hex                           0x00000000   Number         0  stubs.o ABSOLUTE
    _printf_g                                0x00000000   Number         0  stubs.o ABSOLUTE
    _printf_i                                0x00000000   Number         0  stubs.o ABSOLUTE
    _printf_int_dec                          0x00000000   Number         0  stubs.o ABSOLUTE
    _printf_l                                0x00000000   Number         0  stubs.o ABSOLUTE
    _printf_lc                               0x00000000   Number         0  stubs.o ABSOLUTE
    _printf_ll                               0x00000000   Number         0  stubs.o ABSOLUTE
    _printf_lld                              0x00000000   Number         0  stubs.o ABSOLUTE
    _printf_lli                              0x00000000   Number         0  stubs.o ABSOLUTE
    _printf_llo                              0x00000000   Number         0  stubs.o ABSOLUTE
    _printf_llu                              0x00000000   Number         0  stubs.o ABSOLUTE
    _printf_llx                              0x00000000   Number         0  stubs.o ABSOLUTE
    _printf_longlong_dec                     0x00000000   Number         0  stubs.o ABSOLUTE
    _printf_longlong_hex                     0x00000000   Number         0  stubs.o ABSOLUTE
    _printf_longlong_oct                     0x00000000   Number         0  stubs.o ABSOLUTE
    _printf_ls                               0x00000000   Number         0  stubs.o ABSOLUTE
    _printf_mbtowc                           0x00000000   Number         0  stubs.o ABSOLUTE
    _printf_n                                0x00000000   Number         0  stubs.o ABSOLUTE
    _printf_o                                0x00000000   Number         0  stubs.o ABSOLUTE
    _printf_p                                0x00000000   Number         0  stubs.o ABSOLUTE
    _printf_percent                          0x00000000   Number         0  stubs.o ABSOLUTE
    _printf_pre_padding                      0x00000000   Number         0  stubs.o ABSOLUTE
    _printf_return_value                     0x00000000   Number         0  stubs.o ABSOLUTE
    _printf_s                                0x00000000   Number         0  stubs.o ABSOLUTE
    _printf_sizespec                         0x00000000   Number         0  stubs.o ABSOLUTE
    _printf_str                              0x00000000   Number         0  stubs.o ABSOLUTE
    _printf_truncate_signed                  0x00000000   Number         0  stubs.o ABSOLUTE
    _printf_truncate_unsigned                0x00000000   Number         0  stubs.o ABSOLUTE
    _printf_u                                0x00000000   Number         0  stubs.o ABSOLUTE
    _printf_wc                               0x00000000   Number         0  stubs.o ABSOLUTE
    _printf_wctomb                           0x00000000   Number         0  stubs.o ABSOLUTE
    _printf_widthprec                        0x00000000   Number         0  stubs.o ABSOLUTE
    _printf_x                                0x00000000   Number         0  stubs.o ABSOLUTE
    __cpp_initialize__aeabi_                  - Undefined Weak Reference
    __cxa_finalize                            - Undefined Weak Reference
    __decompress                              - Undefined Weak Reference
    _clock_init                               - Undefined Weak Reference
    _microlib_exit                            - Undefined Weak Reference
    __Vectors_Size                           0x000000ec   Number         0  startup_stm32f10x_md.o ABSOLUTE
    __Vectors                                0x08000000   Data           4  startup_stm32f10x_md.o(RESET)
    __Vectors_End                            0x080000ec   Data           0  startup_stm32f10x_md.o(RESET)
    __main                                   0x080000ed   Thumb Code     0  entry.o(.ARM.Collect$$$$00000000)
    _main_stk                                0x080000ed   Thumb Code     0  entry2.o(.ARM.Collect$$$$00000001)
    _main_scatterload                        0x080000f1   Thumb Code     0  entry5.o(.ARM.Collect$$$$00000004)
    __main_after_scatterload                 0x080000f5   Thumb Code     0  entry5.o(.ARM.Collect$$$$00000004)
    _main_clock                              0x080000f5   Thumb Code     0  entry7b.o(.ARM.Collect$$$$00000008)
    _main_cpp_init                           0x080000f5   Thumb Code     0  entry8b.o(.ARM.Collect$$$$0000000A)
    _main_init                               0x080000f5   Thumb Code     0  entry9a.o(.ARM.Collect$$$$0000000B)
    __rt_final_cpp                           0x080000fd   Thumb Code     0  entry10a.o(.ARM.Collect$$$$0000000D)
    __rt_final_exit                          0x080000fd   Thumb Code     0  entry11a.o(.ARM.Collect$$$$0000000F)
    Reset_Handler                            0x08000101   Thumb Code     8  startup_stm32f10x_md.o(.text)
    ADC1_2_IRQHandler                        0x0800011b   Thumb Code     0  startup_stm32f10x_md.o(.text)
    CAN1_RX1_IRQHandler                      0x0800011b   Thumb Code     0  startup_stm32f10x_md.o(.text)
    CAN1_SCE_IRQHandler                      0x0800011b   Thumb Code     0  startup_stm32f10x_md.o(.text)
    DMA1_Channel1_IRQHandler                 0x0800011b   Thumb Code     0  startup_stm32f10x_md.o(.text)
    DMA1_Channel2_IRQHandler                 0x0800011b   Thumb Code     0  startup_stm32f10x_md.o(.text)
    DMA1_Channel3_IRQHandler                 0x0800011b   Thumb Code     0  startup_stm32f10x_md.o(.text)
    DMA1_Channel4_IRQHandler                 0x0800011b   Thumb Code     0  startup_stm32f10x_md.o(.text)
    DMA1_Channel5_IRQHandler                 0x0800011b   Thumb Code     0  startup_stm32f10x_md.o(.text)
    DMA1_Channel6_IRQHandler                 0x0800011b   Thumb Code     0  startup_stm32f10x_md.o(.text)
    DMA1_Channel7_IRQHandler                 0x0800011b   Thumb Code     0  startup_stm32f10x_md.o(.text)
    EXTI0_IRQHandler                         0x0800011b   Thumb Code     0  startup_stm32f10x_md.o(.text)
    EXTI15_10_IRQHandler                     0x0800011b   Thumb Code     0  startup_stm32f10x_md.o(.text)
    EXTI1_IRQHandler                         0x0800011b   Thumb Code     0  startup_stm32f10x_md.o(.text)
    EXTI2_IRQHandler                         0x0800011b   Thumb Code     0  startup_stm32f10x_md.o(.text)
    EXTI3_IRQHandler                         0x0800011b   Thumb Code     0  startup_stm32f10x_md.o(.text)
    EXTI4_IRQHandler                         0x0800011b   Thumb Code     0  startup_stm32f10x_md.o(.text)
    FLASH_IRQHandler                         0x0800011b   Thumb Code     0  startup_stm32f10x_md.o(.text)
    I2C1_ER_IRQHandler                       0x0800011b   Thumb Code     0  startup_stm32f10x_md.o(.text)
    I2C1_EV_IRQHandler                       0x0800011b   Thumb Code     0  startup_stm32f10x_md.o(.text)
    I2C2_ER_IRQHandler                       0x0800011b   Thumb Code     0  startup_stm32f10x_md.o(.text)
    I2C2_EV_IRQHandler                       0x0800011b   Thumb Code     0  startup_stm32f10x_md.o(.text)
    PVD_IRQHandler                           0x0800011b   Thumb Code     0  startup_stm32f10x_md.o(.text)
    RCC_IRQHandler                           0x0800011b   Thumb Code     0  startup_stm32f10x_md.o(.text)
    RTCAlarm_IRQHandler                      0x0800011b   Thumb Code     0  startup_stm32f10x_md.o(.text)
    RTC_IRQHandler                           0x0800011b   Thumb Code     0  startup_stm32f10x_md.o(.text)
    SPI1_IRQHandler                          0x0800011b   Thumb Code     0  startup_stm32f10x_md.o(.text)
    SPI2_IRQHandler                          0x0800011b   Thumb Code     0  startup_stm32f10x_md.o(.text)
    TAMPER_IRQHandler                        0x0800011b   Thumb Code     0  startup_stm32f10x_md.o(.text)
    TIM1_BRK_IRQHandler                      0x0800011b   Thumb Code     0  startup_stm32f10x_md.o(.text)
    TIM1_CC_IRQHandler                       0x0800011b   Thumb Code     0  startup_stm32f10x_md.o(.text)
    TIM1_TRG_COM_IRQHandler                  0x0800011b   Thumb Code     0  startup_stm32f10x_md.o(.text)
    TIM1_UP_IRQHandler                       0x0800011b   Thumb Code     0  startup_stm32f10x_md.o(.text)
    TIM3_IRQHandler                          0x0800011b   Thumb Code     0  startup_stm32f10x_md.o(.text)
    TIM4_IRQHandler                          0x0800011b   Thumb Code     0  startup_stm32f10x_md.o(.text)
    USART1_IRQHandler                        0x0800011b   Thumb Code     0  startup_stm32f10x_md.o(.text)
    USART3_IRQHandler                        0x0800011b   Thumb Code     0  startup_stm32f10x_md.o(.text)
    USBWakeUp_IRQHandler                     0x0800011b   Thumb Code     0  startup_stm32f10x_md.o(.text)
    USB_HP_CAN1_TX_IRQHandler                0x0800011b   Thumb Code     0  startup_stm32f10x_md.o(.text)
    USB_LP_CAN1_RX0_IRQHandler               0x0800011b   Thumb Code     0  startup_stm32f10x_md.o(.text)
    WWDG_IRQHandler                          0x0800011b   Thumb Code     0  startup_stm32f10x_md.o(.text)
    __aeabi_memcpy                           0x08000125   Thumb Code    36  memcpya.o(.text)
    __aeabi_memcpy4                          0x08000125   Thumb Code     0  memcpya.o(.text)
    __aeabi_memcpy8                          0x08000125   Thumb Code     0  memcpya.o(.text)
    __aeabi_memset                           0x08000149   Thumb Code    14  memseta.o(.text)
    __aeabi_memset4                          0x08000149   Thumb Code     0  memseta.o(.text)
    __aeabi_memset8                          0x08000149   Thumb Code     0  memseta.o(.text)
    __aeabi_memclr                           0x08000157   Thumb Code     4  memseta.o(.text)
    __aeabi_memclr4                          0x08000157   Thumb Code     0  memseta.o(.text)
    __aeabi_memclr8                          0x08000157   Thumb Code     0  memseta.o(.text)
    _memset$wrapper                          0x0800015b   Thumb Code    18  memseta.o(.text)
    strcat                                   0x0800016d   Thumb Code    24  strcat.o(.text)
    strlen                                   0x08000185   Thumb Code    14  strlen.o(.text)
    __aeabi_fmul                             0x08000193   Thumb Code   100  fmul.o(.text)
    __aeabi_fdiv                             0x080001f7   Thumb Code   124  fdiv.o(.text)
    __aeabi_dadd                             0x08000273   Thumb Code   322  dadd.o(.text)
    __aeabi_dsub                             0x080003b5   Thumb Code     6  dadd.o(.text)
    __aeabi_drsub                            0x080003bb   Thumb Code     6  dadd.o(.text)
    __aeabi_dmul                             0x080003c1   Thumb Code   228  dmul.o(.text)
    __aeabi_ddiv                             0x080004a5   Thumb Code   222  ddiv.o(.text)
    __aeabi_ui2f                             0x08000583   Thumb Code    10  ffltui.o(.text)
    __aeabi_i2d                              0x0800058d   Thumb Code    34  dflti.o(.text)
    __aeabi_ui2d                             0x080005af   Thumb Code    26  dfltui.o(.text)
    __aeabi_f2iz                             0x080005c9   Thumb Code    50  ffixi.o(.text)
    __aeabi_f2uiz                            0x080005fb   Thumb Code    40  ffixui.o(.text)
    __aeabi_d2uiz                            0x08000623   Thumb Code    50  dfixui.o(.text)
    __aeabi_f2d                              0x08000655   Thumb Code    38  f2d.o(.text)
    __aeabi_cdrcmple                         0x0800067d   Thumb Code    48  cdrcmple.o(.text)
    __aeabi_d2f                              0x080006ad   Thumb Code    56  d2f.o(.text)
    __aeabi_uidiv                            0x080006e5   Thumb Code     0  uidiv.o(.text)
    __aeabi_uidivmod                         0x080006e5   Thumb Code    44  uidiv.o(.text)
    __aeabi_uldivmod                         0x08000711   Thumb Code    98  uldiv.o(.text)
    __aeabi_llsl                             0x08000773   Thumb Code    30  llshl.o(.text)
    _ll_shift_l                              0x08000773   Thumb Code     0  llshl.o(.text)
    __aeabi_llsr                             0x08000791   Thumb Code    32  llushr.o(.text)
    _ll_ushift_r                             0x08000791   Thumb Code     0  llushr.o(.text)
    __aeabi_lasr                             0x080007b1   Thumb Code    36  llsshr.o(.text)
    _ll_sshift_r                             0x080007b1   Thumb Code     0  llsshr.o(.text)
    __I$use$fp                               0x080007d5   Thumb Code     0  iusefp.o(.text)
    _float_round                             0x080007d5   Thumb Code    18  fepilogue.o(.text)
    _float_epilogue                          0x080007e7   Thumb Code    92  fepilogue.o(.text)
    _double_round                            0x08000843   Thumb Code    30  depilogue.o(.text)
    _double_epilogue                         0x08000861   Thumb Code   156  depilogue.o(.text)
    __aeabi_d2ulz                            0x080008fd   Thumb Code    48  dfixul.o(.text)
    __scatterload                            0x0800092d   Thumb Code    28  init.o(.text)
    __scatterload_rt2                        0x0800092d   Thumb Code     0  init.o(.text)
    ADC_Cmd                                  0x08000951   Thumb Code    22  stm32f10x_adc.o(i.ADC_Cmd)
    ADC_DMACmd                               0x08000967   Thumb Code    22  stm32f10x_adc.o(i.ADC_DMACmd)
    ADC_GetCalibrationStatus                 0x0800097d   Thumb Code    20  stm32f10x_adc.o(i.ADC_GetCalibrationStatus)
    ADC_GetResetCalibrationStatus            0x08000991   Thumb Code    20  stm32f10x_adc.o(i.ADC_GetResetCalibrationStatus)
    ADC_Init                                 0x080009a5   Thumb Code    70  stm32f10x_adc.o(i.ADC_Init)
    ADC_RegularChannelConfig                 0x080009f5   Thumb Code   184  stm32f10x_adc.o(i.ADC_RegularChannelConfig)
    ADC_ResetCalibration                     0x08000aad   Thumb Code    10  stm32f10x_adc.o(i.ADC_ResetCalibration)
    ADC_SoftwareStartConvCmd                 0x08000ab7   Thumb Code    22  stm32f10x_adc.o(i.ADC_SoftwareStartConvCmd)
    ADC_StartCalibration                     0x08000acd   Thumb Code    10  stm32f10x_adc.o(i.ADC_StartCalibration)
    ADCx_Init                                0x08000b05   Thumb Code    12  bsp_adc.o(i.ADCx_Init)
    BASIC_TIM_Init                           0x08000c15   Thumb Code    12  bsp_timbase.o(i.BASIC_TIM_Init)
    BusFault_Handler                         0x08000c97   Thumb Code     4  stm32f10x_it.o(i.BusFault_Handler)
    Carry_Out_Judge                          0x08000c9d   Thumb Code   578  ui.o(i.Carry_Out_Judge)
    DMA_ClearFlag                            0x08000f35   Thumb Code    18  stm32f10x_dma.o(i.DMA_ClearFlag)
    DMA_Cmd                                  0x08000f51   Thumb Code    24  stm32f10x_dma.o(i.DMA_Cmd)
    DMA_DeInit                               0x08000f69   Thumb Code   324  stm32f10x_dma.o(i.DMA_DeInit)
    DMA_GetFlagStatus                        0x080010b5   Thumb Code    36  stm32f10x_dma.o(i.DMA_GetFlagStatus)
    DMA_Init                                 0x080010e1   Thumb Code    60  stm32f10x_dma.o(i.DMA_Init)
    DebugMon_Handler                         0x0800111d   Thumb Code     2  stm32f10x_it.o(i.DebugMon_Handler)
    DrawItem                                 0x08001121   Thumb Code    66  ui.o(i.DrawItem)
    DrawPage_One                             0x08001169   Thumb Code   130  ui.o(i.DrawPage_One)
    Draw_Coordinate                          0x08001211   Thumb Code   140  gui.o(i.Draw_Coordinate)
    Draw_Wave_Line                           0x080012a1   Thumb Code   270  gui.o(i.Draw_Wave_Line)
    EXTI9_5_IRQHandler                       0x080013b1   Thumb Code   188  stm32f10x_it.o(i.EXTI9_5_IRQHandler)
    EXTI_ClearITPendingBit                   0x08001481   Thumb Code     6  stm32f10x_exti.o(i.EXTI_ClearITPendingBit)
    EXTI_GetITStatus                         0x0800148d   Thumb Code    34  stm32f10x_exti.o(i.EXTI_GetITStatus)
    EXTI_Init                                0x080014b5   Thumb Code   142  stm32f10x_exti.o(i.EXTI_Init)
    EXTI_Pxy_Config                          0x08001549   Thumb Code   184  key.o(i.EXTI_Pxy_Config)
    GPIO_EXTILineConfig                      0x08001605   Thumb Code    60  stm32f10x_gpio.o(i.GPIO_EXTILineConfig)
    GPIO_Init                                0x08001645   Thumb Code   278  stm32f10x_gpio.o(i.GPIO_Init)
    GPIO_ReadInputDataBit                    0x0800175b   Thumb Code    18  stm32f10x_gpio.o(i.GPIO_ReadInputDataBit)
    GUI_DrawFont16                           0x0800176d   Thumb Code   252  gui.o(i.GUI_DrawFont16)
    GUI_DrawFont24                           0x08001875   Thumb Code   268  gui.o(i.GUI_DrawFont24)
    GUI_DrawFont32                           0x0800198d   Thumb Code   252  gui.o(i.GUI_DrawFont32)
    Gui_Draw_Boot_Picture                    0x08001a95   Thumb Code    90  boot_picture.o(i.Gui_Draw_Boot_Picture)
    Gui_StrCenter                            0x08001af5   Thumb Code    68  gui.o(i.Gui_StrCenter)
    HardFault_Handler                        0x08001b3d   Thumb Code     4  stm32f10x_it.o(i.HardFault_Handler)
    Http_Send_Msg                            0x08001b41   Thumb Code   116  esp01s.o(i.Http_Send_Msg)
    IIC_Ack                                  0x08001c25   Thumb Code    66  myiic.o(i.IIC_Ack)
    IIC_Init                                 0x08001c75   Thumb Code    52  myiic.o(i.IIC_Init)
    IIC_NAck                                 0x08001cb5   Thumb Code    66  myiic.o(i.IIC_NAck)
    IIC_Read_Byte                            0x08001d05   Thumb Code    98  myiic.o(i.IIC_Read_Byte)
    IIC_Send_Byte                            0x08001d75   Thumb Code    90  myiic.o(i.IIC_Send_Byte)
    IIC_Start                                0x08001ddd   Thumb Code    64  myiic.o(i.IIC_Start)
    IIC_Stop                                 0x08001e29   Thumb Code    62  myiic.o(i.IIC_Stop)
    IIC_Wait_Ack                             0x08001e75   Thumb Code    86  myiic.o(i.IIC_Wait_Ack)
    LCD_DrawLine                             0x08001ed9   Thumb Code   176  gui.o(i.LCD_DrawLine)
    LCD_DrawPoint                            0x08001f89   Thumb Code    62  lcd.o(i.LCD_DrawPoint)
    LCD_DrawPoint_16Bit                      0x08001fd5   Thumb Code    46  lcd.o(i.LCD_DrawPoint_16Bit)
    LCD_Fill                                 0x0800200d   Thumb Code   158  gui.o(i.LCD_Fill)
    LCD_Init                                 0x080020b9   Thumb Code   576  lcd.o(i.LCD_Init)
    LCD_RESET                                0x080022fd   Thumb Code    34  lcd.o(i.LCD_RESET)
    LCD_SetCursor                            0x08002325   Thumb Code    52  lcd.o(i.LCD_SetCursor)
    LCD_SetParam                             0x0800235d   Thumb Code    40  lcd.o(i.LCD_SetParam)
    LCD_SetWindows                           0x08002389   Thumb Code    80  lcd.o(i.LCD_SetWindows)
    LCD_ShowChar                             0x080023dd   Thumb Code   276  gui.o(i.LCD_ShowChar)
    LCD_ShowNum                              0x08002501   Thumb Code   168  gui.o(i.LCD_ShowNum)
    LCD_ShowString                           0x080025b1   Thumb Code    94  gui.o(i.LCD_ShowString)
    LCD_WR_DATA                              0x0800261d   Thumb Code    38  lcd.o(i.LCD_WR_DATA)
    LCD_WR_REG                               0x0800264d   Thumb Code    36  lcd.o(i.LCD_WR_REG)
    LCD_WriteRAM_Prepare                     0x08002679   Thumb Code    12  lcd.o(i.LCD_WriteRAM_Prepare)
    LCD_WriteReg                             0x08002689   Thumb Code    20  lcd.o(i.LCD_WriteReg)
    MemManage_Handler                        0x0800269d   Thumb Code     4  stm32f10x_it.o(i.MemManage_Handler)
    NMI_Handler                              0x080026a1   Thumb Code     2  stm32f10x_it.o(i.NMI_Handler)
    NVIC_Init                                0x080026cd   Thumb Code   100  misc.o(i.NVIC_Init)
    NVIC_PriorityGroupConfig                 0x0800273d   Thumb Code    10  misc.o(i.NVIC_PriorityGroupConfig)
    PendSV_Handler                           0x08002751   Thumb Code     2  stm32f10x_it.o(i.PendSV_Handler)
    RCC_ADCCLKConfig                         0x08002755   Thumb Code    18  stm32f10x_rcc.o(i.RCC_ADCCLKConfig)
    RCC_AHBPeriphClockCmd                    0x0800276d   Thumb Code    26  stm32f10x_rcc.o(i.RCC_AHBPeriphClockCmd)
    RCC_APB1PeriphClockCmd                   0x0800278d   Thumb Code    26  stm32f10x_rcc.o(i.RCC_APB1PeriphClockCmd)
    RCC_APB1PeriphResetCmd                   0x080027ad   Thumb Code    26  stm32f10x_rcc.o(i.RCC_APB1PeriphResetCmd)
    RCC_APB2PeriphClockCmd                   0x080027cd   Thumb Code    26  stm32f10x_rcc.o(i.RCC_APB2PeriphClockCmd)
    RCC_APB2PeriphResetCmd                   0x080027ed   Thumb Code    26  stm32f10x_rcc.o(i.RCC_APB2PeriphResetCmd)
    RCC_GetClocksFreq                        0x0800280d   Thumb Code   192  stm32f10x_rcc.o(i.RCC_GetClocksFreq)
    ReadADCAverageValue                      0x080028e1   Thumb Code    52  temperature.o(i.ReadADCAverageValue)
    SPI2_Init                                0x08002919   Thumb Code   178  lcd.o(i.SPI2_Init)
    SPI_Cmd                                  0x080029d5   Thumb Code    24  stm32f10x_spi.o(i.SPI_Cmd)
    SPI_Init                                 0x080029ed   Thumb Code    60  stm32f10x_spi.o(i.SPI_Init)
    SPI_WriteByte                            0x08002a29   Thumb Code    34  lcd.o(i.SPI_WriteByte)
    SVC_Handler                              0x08002a4b   Thumb Code     2  stm32f10x_it.o(i.SVC_Handler)
    Show_Str                                 0x08002b6d   Thumb Code   264  gui.o(i.Show_Str)
    SysTick_CLKSourceConfig                  0x08002c79   Thumb Code    40  misc.o(i.SysTick_CLKSourceConfig)
    SysTick_Handler                          0x08002cf5   Thumb Code     2  stm32f10x_it.o(i.SysTick_Handler)
    SysTick_Init                             0x08002cf9   Thumb Code    26  bsp_systick.o(i.SysTick_Init)
    SystemInit                               0x08002d1d   Thumb Code    78  system_stm32f10x.o(i.SystemInit)
    TIM2_IRQHandler                          0x08002d7d   Thumb Code   102  main.o(i.TIM2_IRQHandler)
    TIM_ClearFlag                            0x08002e05   Thumb Code     6  stm32f10x_tim.o(i.TIM_ClearFlag)
    TIM_ClearITPendingBit                    0x08002e0b   Thumb Code     6  stm32f10x_tim.o(i.TIM_ClearITPendingBit)
    TIM_Cmd                                  0x08002e11   Thumb Code    24  stm32f10x_tim.o(i.TIM_Cmd)
    TIM_DeInit                               0x08002e29   Thumb Code   424  stm32f10x_tim.o(i.TIM_DeInit)
    TIM_GetITStatus                          0x08003011   Thumb Code    34  stm32f10x_tim.o(i.TIM_GetITStatus)
    TIM_ITConfig                             0x08003033   Thumb Code    18  stm32f10x_tim.o(i.TIM_ITConfig)
    TIM_TimeBaseInit                         0x08003045   Thumb Code   122  stm32f10x_tim.o(i.TIM_TimeBaseInit)
    USART1_Config                            0x080030e9   Thumb Code   168  bsp_usart.o(i.USART1_Config)
    USART2_Config                            0x08003199   Thumb Code   166  bsp_usart.o(i.USART2_Config)
    USART2_IRQHandler                        0x08003249   Thumb Code    26  stm32f10x_it.o(i.USART2_IRQHandler)
    USART_ClearITPendingBit                  0x08003269   Thumb Code    30  stm32f10x_usart.o(i.USART_ClearITPendingBit)
    USART_Cmd                                0x08003287   Thumb Code    24  stm32f10x_usart.o(i.USART_Cmd)
    USART_GetFlagStatus                      0x0800329f   Thumb Code    26  stm32f10x_usart.o(i.USART_GetFlagStatus)
    USART_GetITStatus                        0x080032b9   Thumb Code    84  stm32f10x_usart.o(i.USART_GetITStatus)
    USART_ITConfig                           0x0800330d   Thumb Code    74  stm32f10x_usart.o(i.USART_ITConfig)
    USART_Init                               0x08003359   Thumb Code   210  stm32f10x_usart.o(i.USART_Init)
    USART_SendData                           0x08003431   Thumb Code     8  stm32f10x_usart.o(i.USART_SendData)
    UsageFault_Handler                       0x08003439   Thumb Code     4  stm32f10x_it.o(i.UsageFault_Handler)
    Usart_SendByte                           0x0800343d   Thumb Code    30  bsp_usart.o(i.Usart_SendByte)
    Usart_SendString                         0x0800345b   Thumb Code    42  bsp_usart.o(i.Usart_SendString)
    __0printf                                0x08003485   Thumb Code    22  printfa.o(i.__0printf)
    __1printf                                0x08003485   Thumb Code     0  printfa.o(i.__0printf)
    __2printf                                0x08003485   Thumb Code     0  printfa.o(i.__0printf)
    __c89printf                              0x08003485   Thumb Code     0  printfa.o(i.__0printf)
    printf                                   0x08003485   Thumb Code     0  printfa.o(i.__0printf)
    __0sprintf                               0x080034a5   Thumb Code    34  printfa.o(i.__0sprintf)
    __1sprintf                               0x080034a5   Thumb Code     0  printfa.o(i.__0sprintf)
    __2sprintf                               0x080034a5   Thumb Code     0  printfa.o(i.__0sprintf)
    __c89sprintf                             0x080034a5   Thumb Code     0  printfa.o(i.__0sprintf)
    sprintf                                  0x080034a5   Thumb Code     0  printfa.o(i.__0sprintf)
    __scatterload_copy                       0x080034cd   Thumb Code    14  handlers.o(i.__scatterload_copy)
    __scatterload_null                       0x080034db   Thumb Code     2  handlers.o(i.__scatterload_null)
    __scatterload_zeroinit                   0x080034dd   Thumb Code    14  handlers.o(i.__scatterload_zeroinit)
    calcuTem                                 0x08003d89   Thumb Code   186  temperature.o(i.calcuTem)
    delay_init                               0x08003e65   Thumb Code    52  delay.o(i.delay_init)
    delay_ms                                 0x08003ea1   Thumb Code    56  delay.o(i.delay_ms)
    delay_us                                 0x08003edd   Thumb Code    56  delay.o(i.delay_us)
    fputc                                    0x08003f19   Thumb Code    32  bsp_usart.o(i.fputc)
    function_one                             0x08003f3d   Thumb Code   592  ui.o(i.function_one)
    function_three                           0x080041e9   Thumb Code   194  ui.o(i.function_three)
    function_two                             0x0800435d   Thumb Code   220  ui.o(i.function_two)
    main                                     0x08004451   Thumb Code   756  main.o(i.main)
    max30102_Bus_Read                        0x080047ad   Thumb Code    82  max30102.o(i.max30102_Bus_Read)
    max30102_Bus_Write                       0x080047ff   Thumb Code    68  max30102.o(i.max30102_Bus_Write)
    max30102_FIFO_ReadBytes                  0x08004843   Thumb Code   128  max30102.o(i.max30102_FIFO_ReadBytes)
    max30102_init                            0x080048c5   Thumb Code   130  max30102.o(i.max30102_init)
    max30102_reset                           0x0800494d   Thumb Code    20  max30102.o(i.max30102_reset)
    maxim_find_peaks                         0x08004961   Thumb Code    66  algorithm.o(i.maxim_find_peaks)
    maxim_heart_rate_and_oxygen_saturation   0x080049a5   Thumb Code  1270  algorithm.o(i.maxim_heart_rate_and_oxygen_saturation)
    maxim_peaks_above_min_height             0x08004ea5   Thumb Code   122  algorithm.o(i.maxim_peaks_above_min_height)
    maxim_remove_close_peaks                 0x08004f1f   Thumb Code   114  algorithm.o(i.maxim_remove_close_peaks)
    maxim_sort_ascend                        0x08004f91   Thumb Code    54  algorithm.o(i.maxim_sort_ascend)
    maxim_sort_indices_descend               0x08004fc7   Thumb Code    64  algorithm.o(i.maxim_sort_indices_descend)
    mypow                                    0x08005007   Thumb Code    22  gui.o(i.mypow)
    asc2_1206                                0x0800501c   Data        1140  gui.o(.constdata)
    asc2_1608                                0x08005490   Data        1520  gui.o(.constdata)
    tfont16                                  0x08005a80   Data        2244  gui.o(.constdata)
    tfont24                                  0x08006344   Data         518  gui.o(.constdata)
    tfont32                                  0x0800654a   Data         520  gui.o(.constdata)
    sz32                                     0x08006752   Data        1921  gui.o(.constdata)
    tempRes_buf                              0x08006ed4   Data         362  temperature.o(.constdata)
    auw_hamm                                 0x0800703e   Data          62  algorithm.o(.constdata)
    uch_spo2_table                           0x0800707c   Data         184  algorithm.o(.constdata)
    gImage_64                                0x08007134   Data        8200  boot_picture.o(.constdata)
    Region$$Table$$Base                      0x0800929c   Number         0  anon$$obj.o(Region$$Table)
    Region$$Table$$Limit                     0x080092bc   Number         0  anon$$obj.o(Region$$Table)
    SystemCoreClock                          0x20000000   Data           4  system_stm32f10x.o(.data)
    AHBPrescTable                            0x20000004   Data          16  system_stm32f10x.o(.data)
    adcdata                                  0x20000028   Data           2  main.o(.data)
    ADC_result                               0x2000002c   Data           4  main.o(.data)
    delay_temp_flag                          0x20000030   Data           1  main.o(.data)
    delay_pulse_flag                         0x20000031   Data           1  main.o(.data)
    blood_oxyge_flag                         0x20000032   Data           1  main.o(.data)
    up_down_counter                          0x20000033   Data           1  main.o(.data)
    sure_key                                 0x20000034   Data           1  main.o(.data)
    back_key                                 0x20000035   Data           1  main.o(.data)
    Change_Item_Colour                       0x20000036   Data           1  main.o(.data)
    POINT_COLOR                              0x2000003c   Data           2  lcd.o(.data)
    BACK_COLOR                               0x2000003e   Data           2  lcd.o(.data)
    DeviceCode                               0x20000040   Data           2  lcd.o(.data)
    n_ir_buffer_length                       0x20000048   Data           4  ui.o(.data)
    n_sp02                                   0x2000004c   Data           4  ui.o(.data)
    ch_spo2_valid                            0x20000050   Data           1  ui.o(.data)
    n_heart_rate                             0x20000054   Data           4  ui.o(.data)
    ch_hr_valid                              0x20000058   Data           1  ui.o(.data)
    uch_dummy                                0x20000059   Data           1  ui.o(.data)
    __stdout                                 0x2000005c   Data           4  stdout.o(.data)
    ADC_ConvertedValue                       0x20000060   Data         640  bsp_adc.o(.bss)
    lcddev                                   0x200002e0   Data          14  lcd.o(.bss)
    aun_ir_buffer                            0x20001a50   Data        2000  ui.o(.bss)
    aun_red_buffer                           0x20002220   Data        2000  ui.o(.bss)
    __initial_sp                             0x200049f0   Data           0  startup_stm32f10x_md.o(STACK)



==============================================================================

Memory Map of the image

  Image Entry point : 0x080000ed

  Load Region LR_IROM1 (Base: 0x08000000, Size: 0x0000931c, Max: 0x00010000, ABSOLUTE)

    Execution Region ER_IROM1 (Base: 0x08000000, Size: 0x000092bc, Max: 0x00010000, ABSOLUTE)

    Base Addr    Size         Type   Attr      Idx    E Section Name        Object

    0x08000000   0x000000ec   Data   RO            3    RESET               startup_stm32f10x_md.o
    0x080000ec   0x00000000   Code   RO         4239  * .ARM.Collect$$$$00000000  mc_w.l(entry.o)
    0x080000ec   0x00000004   Code   RO         4547    .ARM.Collect$$$$00000001  mc_w.l(entry2.o)
    0x080000f0   0x00000004   Code   RO         4550    .ARM.Collect$$$$00000004  mc_w.l(entry5.o)
    0x080000f4   0x00000000   Code   RO         4552    .ARM.Collect$$$$00000008  mc_w.l(entry7b.o)
    0x080000f4   0x00000000   Code   RO         4554    .ARM.Collect$$$$0000000A  mc_w.l(entry8b.o)
    0x080000f4   0x00000008   Code   RO         4555    .ARM.Collect$$$$0000000B  mc_w.l(entry9a.o)
    0x080000fc   0x00000000   Code   RO         4557    .ARM.Collect$$$$0000000D  mc_w.l(entry10a.o)
    0x080000fc   0x00000000   Code   RO         4559    .ARM.Collect$$$$0000000F  mc_w.l(entry11a.o)
    0x080000fc   0x00000004   Code   RO         4548    .ARM.Collect$$$$00002712  mc_w.l(entry2.o)
    0x08000100   0x00000024   Code   RO            4    .text               startup_stm32f10x_md.o
    0x08000124   0x00000024   Code   RO         4242    .text               mc_w.l(memcpya.o)
    0x08000148   0x00000024   Code   RO         4244    .text               mc_w.l(memseta.o)
    0x0800016c   0x00000018   Code   RO         4246    .text               mc_w.l(strcat.o)
    0x08000184   0x0000000e   Code   RO         4248    .text               mc_w.l(strlen.o)
    0x08000192   0x00000064   Code   RO         4515    .text               mf_w.l(fmul.o)
    0x080001f6   0x0000007c   Code   RO         4517    .text               mf_w.l(fdiv.o)
    0x08000272   0x0000014e   Code   RO         4519    .text               mf_w.l(dadd.o)
    0x080003c0   0x000000e4   Code   RO         4521    .text               mf_w.l(dmul.o)
    0x080004a4   0x000000de   Code   RO         4523    .text               mf_w.l(ddiv.o)
    0x08000582   0x0000000a   Code   RO         4527    .text               mf_w.l(ffltui.o)
    0x0800058c   0x00000022   Code   RO         4529    .text               mf_w.l(dflti.o)
    0x080005ae   0x0000001a   Code   RO         4531    .text               mf_w.l(dfltui.o)
    0x080005c8   0x00000032   Code   RO         4533    .text               mf_w.l(ffixi.o)
    0x080005fa   0x00000028   Code   RO         4535    .text               mf_w.l(ffixui.o)
    0x08000622   0x00000032   Code   RO         4537    .text               mf_w.l(dfixui.o)
    0x08000654   0x00000026   Code   RO         4539    .text               mf_w.l(f2d.o)
    0x0800067a   0x00000002   PAD
    0x0800067c   0x00000030   Code   RO         4543    .text               mf_w.l(cdrcmple.o)
    0x080006ac   0x00000038   Code   RO         4545    .text               mf_w.l(d2f.o)
    0x080006e4   0x0000002c   Code   RO         4562    .text               mc_w.l(uidiv.o)
    0x08000710   0x00000062   Code   RO         4564    .text               mc_w.l(uldiv.o)
    0x08000772   0x0000001e   Code   RO         4566    .text               mc_w.l(llshl.o)
    0x08000790   0x00000020   Code   RO         4568    .text               mc_w.l(llushr.o)
    0x080007b0   0x00000024   Code   RO         4570    .text               mc_w.l(llsshr.o)
    0x080007d4   0x00000000   Code   RO         4579    .text               mc_w.l(iusefp.o)
    0x080007d4   0x0000006e   Code   RO         4580    .text               mf_w.l(fepilogue.o)
    0x08000842   0x000000ba   Code   RO         4582    .text               mf_w.l(depilogue.o)
    0x080008fc   0x00000030   Code   RO         4586    .text               mf_w.l(dfixul.o)
    0x0800092c   0x00000024   Code   RO         4588    .text               mc_w.l(init.o)
    0x08000950   0x00000016   Code   RO          183    i.ADC_Cmd           stm32f10x_adc.o
    0x08000966   0x00000016   Code   RO          184    i.ADC_DMACmd        stm32f10x_adc.o
    0x0800097c   0x00000014   Code   RO          191    i.ADC_GetCalibrationStatus  stm32f10x_adc.o
    0x08000990   0x00000014   Code   RO          197    i.ADC_GetResetCalibrationStatus  stm32f10x_adc.o
    0x080009a4   0x00000050   Code   RO          201    i.ADC_Init          stm32f10x_adc.o
    0x080009f4   0x000000b8   Code   RO          205    i.ADC_RegularChannelConfig  stm32f10x_adc.o
    0x08000aac   0x0000000a   Code   RO          206    i.ADC_ResetCalibration  stm32f10x_adc.o
    0x08000ab6   0x00000016   Code   RO          208    i.ADC_SoftwareStartConvCmd  stm32f10x_adc.o
    0x08000acc   0x0000000a   Code   RO          210    i.ADC_StartCalibration  stm32f10x_adc.o
    0x08000ad6   0x00000002   PAD
    0x08000ad8   0x0000002c   Code   RO         3397    i.ADCx_GPIO_Config  bsp_adc.o
    0x08000b04   0x0000000c   Code   RO         3398    i.ADCx_Init         bsp_adc.o
    0x08000b10   0x00000104   Code   RO         3399    i.ADCx_Mode_Config  bsp_adc.o
    0x08000c14   0x0000000c   Code   RO         3328    i.BASIC_TIM_Init    bsp_timbase.o
    0x08000c20   0x0000004c   Code   RO         3329    i.BASIC_TIM_Mode_Config  bsp_timbase.o
    0x08000c6c   0x0000002a   Code   RO         3330    i.BASIC_TIM_NVIC_Config  bsp_timbase.o
    0x08000c96   0x00000004   Code   RO         3201    i.BusFault_Handler  stm32f10x_it.o
    0x08000c9a   0x00000002   PAD
    0x08000c9c   0x00000298   Code   RO         4128    i.Carry_Out_Judge   ui.o
    0x08000f34   0x0000001c   Code   RO          866    i.DMA_ClearFlag     stm32f10x_dma.o
    0x08000f50   0x00000018   Code   RO          868    i.DMA_Cmd           stm32f10x_dma.o
    0x08000f68   0x0000014c   Code   RO          869    i.DMA_DeInit        stm32f10x_dma.o
    0x080010b4   0x0000002c   Code   RO          871    i.DMA_GetFlagStatus  stm32f10x_dma.o
    0x080010e0   0x0000003c   Code   RO          874    i.DMA_Init          stm32f10x_dma.o
    0x0800111c   0x00000002   Code   RO         3202    i.DebugMon_Handler  stm32f10x_it.o
    0x0800111e   0x00000002   PAD
    0x08001120   0x00000048   Code   RO         4129    i.DrawItem          ui.o
    0x08001168   0x000000a8   Code   RO         4130    i.DrawPage_One      ui.o
    0x08001210   0x00000090   Code   RO         3422    i.Draw_Coordinate   gui.o
    0x080012a0   0x0000010e   Code   RO         3423    i.Draw_Wave_Line    gui.o
    0x080013ae   0x00000002   PAD
    0x080013b0   0x000000d0   Code   RO         3203    i.EXTI9_5_IRQHandler  stm32f10x_it.o
    0x08001480   0x0000000c   Code   RO          939    i.EXTI_ClearITPendingBit  stm32f10x_exti.o
    0x0800148c   0x00000028   Code   RO          943    i.EXTI_GetITStatus  stm32f10x_exti.o
    0x080014b4   0x00000094   Code   RO          944    i.EXTI_Init         stm32f10x_exti.o
    0x08001548   0x000000bc   Code   RO         4180    i.EXTI_Pxy_Config   key.o
    0x08001604   0x00000040   Code   RO         1289    i.GPIO_EXTILineConfig  stm32f10x_gpio.o
    0x08001644   0x00000116   Code   RO         1292    i.GPIO_Init         stm32f10x_gpio.o
    0x0800175a   0x00000012   Code   RO         1296    i.GPIO_ReadInputDataBit  stm32f10x_gpio.o
    0x0800176c   0x00000108   Code   RO         3424    i.GUI_DrawFont16    gui.o
    0x08001874   0x00000118   Code   RO         3425    i.GUI_DrawFont24    gui.o
    0x0800198c   0x00000108   Code   RO         3426    i.GUI_DrawFont32    gui.o
    0x08001a94   0x00000060   Code   RO         4197    i.Gui_Draw_Boot_Picture  boot_picture.o
    0x08001af4   0x00000048   Code   RO         3430    i.Gui_StrCenter     gui.o
    0x08001b3c   0x00000004   Code   RO         3204    i.HardFault_Handler  stm32f10x_it.o
    0x08001b40   0x000000e4   Code   RO         4215    i.Http_Send_Msg     esp01s.o
    0x08001c24   0x00000050   Code   RO         4050    i.IIC_Ack           myiic.o
    0x08001c74   0x00000040   Code   RO         4051    i.IIC_Init          myiic.o
    0x08001cb4   0x00000050   Code   RO         4052    i.IIC_NAck          myiic.o
    0x08001d04   0x00000070   Code   RO         4054    i.IIC_Read_Byte     myiic.o
    0x08001d74   0x00000068   Code   RO         4056    i.IIC_Send_Byte     myiic.o
    0x08001ddc   0x0000004c   Code   RO         4057    i.IIC_Start         myiic.o
    0x08001e28   0x0000004c   Code   RO         4058    i.IIC_Stop          myiic.o
    0x08001e74   0x00000064   Code   RO         4059    i.IIC_Wait_Ack      myiic.o
    0x08001ed8   0x000000b0   Code   RO         3432    i.LCD_DrawLine      gui.o
    0x08001f88   0x0000004c   Code   RO         3568    i.LCD_DrawPoint     lcd.o
    0x08001fd4   0x00000038   Code   RO         3569    i.LCD_DrawPoint_16Bit  lcd.o
    0x0800200c   0x000000ac   Code   RO         3434    i.LCD_Fill          gui.o
    0x080020b8   0x00000244   Code   RO         3571    i.LCD_Init          lcd.o
    0x080022fc   0x00000028   Code   RO         3572    i.LCD_RESET         lcd.o
    0x08002324   0x00000038   Code   RO         3573    i.LCD_SetCursor     lcd.o
    0x0800235c   0x0000002c   Code   RO         3574    i.LCD_SetParam      lcd.o
    0x08002388   0x00000054   Code   RO         3575    i.LCD_SetWindows    lcd.o
    0x080023dc   0x00000124   Code   RO         3435    i.LCD_ShowChar      gui.o
    0x08002500   0x000000b0   Code   RO         3436    i.LCD_ShowNum       gui.o
    0x080025b0   0x0000006c   Code   RO         3437    i.LCD_ShowString    gui.o
    0x0800261c   0x00000030   Code   RO         3576    i.LCD_WR_DATA       lcd.o
    0x0800264c   0x0000002c   Code   RO         3577    i.LCD_WR_REG        lcd.o
    0x08002678   0x00000010   Code   RO         3578    i.LCD_WriteRAM_Prepare  lcd.o
    0x08002688   0x00000014   Code   RO         3579    i.LCD_WriteReg      lcd.o
    0x0800269c   0x00000004   Code   RO         3205    i.MemManage_Handler  stm32f10x_it.o
    0x080026a0   0x00000002   Code   RO         3206    i.NMI_Handler       stm32f10x_it.o
    0x080026a2   0x0000002a   Code   RO         4181    i.NVIC_Configuration  key.o
    0x080026cc   0x00000070   Code   RO          137    i.NVIC_Init         misc.o
    0x0800273c   0x00000014   Code   RO          138    i.NVIC_PriorityGroupConfig  misc.o
    0x08002750   0x00000002   Code   RO         3207    i.PendSV_Handler    stm32f10x_it.o
    0x08002752   0x00000002   PAD
    0x08002754   0x00000018   Code   RO         1706    i.RCC_ADCCLKConfig  stm32f10x_rcc.o
    0x0800276c   0x00000020   Code   RO         1707    i.RCC_AHBPeriphClockCmd  stm32f10x_rcc.o
    0x0800278c   0x00000020   Code   RO         1708    i.RCC_APB1PeriphClockCmd  stm32f10x_rcc.o
    0x080027ac   0x00000020   Code   RO         1709    i.RCC_APB1PeriphResetCmd  stm32f10x_rcc.o
    0x080027cc   0x00000020   Code   RO         1710    i.RCC_APB2PeriphClockCmd  stm32f10x_rcc.o
    0x080027ec   0x00000020   Code   RO         1711    i.RCC_APB2PeriphResetCmd  stm32f10x_rcc.o
    0x0800280c   0x000000d4   Code   RO         1718    i.RCC_GetClocksFreq  stm32f10x_rcc.o
    0x080028e0   0x00000038   Code   RO         3919    i.ReadADCAverageValue  temperature.o
    0x08002918   0x000000bc   Code   RO         3580    i.SPI2_Init         lcd.o
    0x080029d4   0x00000018   Code   RO         2187    i.SPI_Cmd           stm32f10x_spi.o
    0x080029ec   0x0000003c   Code   RO         2200    i.SPI_Init          stm32f10x_spi.o
    0x08002a28   0x00000022   Code   RO         3582    i.SPI_WriteByte     lcd.o
    0x08002a4a   0x00000002   Code   RO         3208    i.SVC_Handler       stm32f10x_it.o
    0x08002a4c   0x00000038   Code   RO         4131    i.Secondary_Pages_Init  ui.o
    0x08002a84   0x00000008   Code   RO           24    i.SetSysClock       system_stm32f10x.o
    0x08002a8c   0x000000e0   Code   RO           25    i.SetSysClockTo72   system_stm32f10x.o
    0x08002b6c   0x0000010c   Code   RO         3438    i.Show_Str          gui.o
    0x08002c78   0x00000028   Code   RO          141    i.SysTick_CLKSourceConfig  misc.o
    0x08002ca0   0x00000054   Code   RO         3350    i.SysTick_Config    bsp_systick.o
    0x08002cf4   0x00000002   Code   RO         3209    i.SysTick_Handler   stm32f10x_it.o
    0x08002cf6   0x00000002   PAD
    0x08002cf8   0x00000024   Code   RO         3352    i.SysTick_Init      bsp_systick.o
    0x08002d1c   0x00000060   Code   RO           27    i.SystemInit        system_stm32f10x.o
    0x08002d7c   0x00000088   Code   RO         3108    i.TIM2_IRQHandler   main.o
    0x08002e04   0x00000006   Code   RO         2336    i.TIM_ClearFlag     stm32f10x_tim.o
    0x08002e0a   0x00000006   Code   RO         2337    i.TIM_ClearITPendingBit  stm32f10x_tim.o
    0x08002e10   0x00000018   Code   RO         2342    i.TIM_Cmd           stm32f10x_tim.o
    0x08002e28   0x000001e8   Code   RO         2347    i.TIM_DeInit        stm32f10x_tim.o
    0x08003010   0x00000022   Code   RO         2363    i.TIM_GetITStatus   stm32f10x_tim.o
    0x08003032   0x00000012   Code   RO         2367    i.TIM_ITConfig      stm32f10x_tim.o
    0x08003044   0x000000a4   Code   RO         2413    i.TIM_TimeBaseInit  stm32f10x_tim.o
    0x080030e8   0x000000b0   Code   RO         3274    i.USART1_Config     bsp_usart.o
    0x08003198   0x000000b0   Code   RO         3275    i.USART2_Config     bsp_usart.o
    0x08003248   0x00000020   Code   RO         3210    i.USART2_IRQHandler  stm32f10x_it.o
    0x08003268   0x0000001e   Code   RO         2875    i.USART_ClearITPendingBit  stm32f10x_usart.o
    0x08003286   0x00000018   Code   RO         2878    i.USART_Cmd         stm32f10x_usart.o
    0x0800329e   0x0000001a   Code   RO         2881    i.USART_GetFlagStatus  stm32f10x_usart.o
    0x080032b8   0x00000054   Code   RO         2882    i.USART_GetITStatus  stm32f10x_usart.o
    0x0800330c   0x0000004a   Code   RO         2884    i.USART_ITConfig    stm32f10x_usart.o
    0x08003356   0x00000002   PAD
    0x08003358   0x000000d8   Code   RO         2885    i.USART_Init        stm32f10x_usart.o
    0x08003430   0x00000008   Code   RO         2895    i.USART_SendData    stm32f10x_usart.o
    0x08003438   0x00000004   Code   RO         3211    i.UsageFault_Handler  stm32f10x_it.o
    0x0800343c   0x0000001e   Code   RO         3277    i.Usart_SendByte    bsp_usart.o
    0x0800345a   0x0000002a   Code   RO         3279    i.Usart_SendString  bsp_usart.o
    0x08003484   0x00000020   Code   RO         4485    i.__0printf         mc_w.l(printfa.o)
    0x080034a4   0x00000028   Code   RO         4487    i.__0sprintf        mc_w.l(printfa.o)
    0x080034cc   0x0000000e   Code   RO         4592    i.__scatterload_copy  mc_w.l(handlers.o)
    0x080034da   0x00000002   Code   RO         4593    i.__scatterload_null  mc_w.l(handlers.o)
    0x080034dc   0x0000000e   Code   RO         4594    i.__scatterload_zeroinit  mc_w.l(handlers.o)
    0x080034ea   0x00000002   PAD
    0x080034ec   0x00000164   Code   RO         4492    i._fp_digits        mc_w.l(printfa.o)
    0x08003650   0x000006dc   Code   RO         4493    i._printf_core      mc_w.l(printfa.o)
    0x08003d2c   0x00000024   Code   RO         4494    i._printf_post_padding  mc_w.l(printfa.o)
    0x08003d50   0x0000002e   Code   RO         4495    i._printf_pre_padding  mc_w.l(printfa.o)
    0x08003d7e   0x0000000a   Code   RO         4497    i._sputc            mc_w.l(printfa.o)
    0x08003d88   0x000000dc   Code   RO         3920    i.calcuTem          temperature.o
    0x08003e64   0x0000003c   Code   RO         3829    i.delay_init        delay.o
    0x08003ea0   0x0000003c   Code   RO         3830    i.delay_ms          delay.o
    0x08003edc   0x0000003c   Code   RO         3831    i.delay_us          delay.o
    0x08003f18   0x00000024   Code   RO         3281    i.fputc             bsp_usart.o
    0x08003f3c   0x000002ac   Code   RO         4132    i.function_one      ui.o
    0x080041e8   0x00000174   Code   RO         4133    i.function_three    ui.o
    0x0800435c   0x000000f4   Code   RO         4134    i.function_two      ui.o
    0x08004450   0x0000035c   Code   RO         3109    i.main              main.o
    0x080047ac   0x00000052   Code   RO         3987    i.max30102_Bus_Read  max30102.o
    0x080047fe   0x00000044   Code   RO         3988    i.max30102_Bus_Write  max30102.o
    0x08004842   0x00000080   Code   RO         3989    i.max30102_FIFO_ReadBytes  max30102.o
    0x080048c2   0x00000002   PAD
    0x080048c4   0x00000088   Code   RO         3991    i.max30102_init     max30102.o
    0x0800494c   0x00000014   Code   RO         3992    i.max30102_reset    max30102.o
    0x08004960   0x00000042   Code   RO         3941    i.maxim_find_peaks  algorithm.o
    0x080049a2   0x00000002   PAD
    0x080049a4   0x00000500   Code   RO         3942    i.maxim_heart_rate_and_oxygen_saturation  algorithm.o
    0x08004ea4   0x0000007a   Code   RO         3943    i.maxim_peaks_above_min_height  algorithm.o
    0x08004f1e   0x00000072   Code   RO         3944    i.maxim_remove_close_peaks  algorithm.o
    0x08004f90   0x00000036   Code   RO         3945    i.maxim_sort_ascend  algorithm.o
    0x08004fc6   0x00000040   Code   RO         3946    i.maxim_sort_indices_descend  algorithm.o
    0x08005006   0x00000016   Code   RO         3441    i.mypow             gui.o
    0x0800501c   0x00001eb7   Data   RO         3442    .constdata          gui.o
    0x08006ed3   0x00000001   PAD
    0x08006ed4   0x0000016a   Data   RO         3921    .constdata          temperature.o
    0x0800703e   0x000000f6   Data   RO         3948    .constdata          algorithm.o
    0x08007134   0x00002008   Data   RO         4198    .constdata          boot_picture.o
    0x0800913c   0x00000160   Data   RO         4216    .constdata          esp01s.o
    0x0800929c   0x00000020   Data   RO         4590    Region$$Table       anon$$obj.o


    Execution Region RW_IRAM1 (Base: 0x20000000, Size: 0x000049f0, Max: 0x00005000, ABSOLUTE)

    Base Addr    Size         Type   Attr      Idx    E Section Name        Object

    0x20000000   0x00000014   Data   RW           28    .data               system_stm32f10x.o
    0x20000014   0x00000014   Data   RW         1738    .data               stm32f10x_rcc.o
    0x20000028   0x00000014   Data   RW         3110    .data               main.o
    0x2000003c   0x00000006   Data   RW         3585    .data               lcd.o
    0x20000042   0x00000004   Data   RW         3832    .data               delay.o
    0x20000046   0x00000002   PAD
    0x20000048   0x00000012   Data   RW         4136    .data               ui.o
    0x2000005a   0x00000002   PAD
    0x2000005c   0x00000004   Data   RW         4561    .data               mc_w.l(stdout.o)
    0x20000060   0x00000280   Zero   RW         3400    .bss                bsp_adc.o
    0x200002e0   0x0000000e   Zero   RW         3584    .bss                lcd.o
    0x200002ee   0x00000002   PAD
    0x200002f0   0x00001760   Zero   RW         3947    .bss                algorithm.o
    0x20001a50   0x00000fa0   Zero   RW         4135    .bss                ui.o
    0x200029f0   0x00002000   Zero   RW            1    STACK               startup_stm32f10x_md.o


==============================================================================

Image component sizes


      Code (inc. data)   RO Data    RW Data    ZI Data      Debug   Object Name

      1700         32        246          0       5984       7301   algorithm.o
        96          6       8200          0          0       1336   boot_picture.o
       316         18          0          0        640       2125   bsp_adc.o
       120         18          0          0          0      16126   bsp_systick.o
       130          0          0          0          0       1457   bsp_timbase.o
       460         22          0          0          0       3356   bsp_usart.o
         0          0          0          0          0       4496   core_cm3.o
       180         16          0          4          0       1691   delay.o
       228        112        352          0          0        632   esp01s.o
      2508        100       7863          0          0      12012   gui.o
       230          4          0          0          0       1082   key.o
      1286         78          0          6         14      10633   lcd.o
       996        138          0         20          0       3413   main.o
       434          6          0          0          0       3476   max30102.o
       172         22          0          0          0       2229   misc.o
       692        108          0          0          0       4290   myiic.o
        36          8        236          0       8192        856   startup_stm32f10x_md.o
       390         10          0          0          0       7753   stm32f10x_adc.o
       488         26          0          0          0       4778   stm32f10x_dma.o
       200         18          0          0          0       2272   stm32f10x_exti.o
       360          4          0          0          0       3350   stm32f10x_gpio.o
       266         26          0          0          0       4871   stm32f10x_it.o
       396         56          0         20          0       7023   stm32f10x_rcc.o
        84          0          0          0          0       2265   stm32f10x_spi.o
       740        106          0          0          0       5179   stm32f10x_tim.o
       462          6          0          0          0       6535   stm32f10x_usart.o
       328         28          0         20          0     277601   system_stm32f10x.o
       276         38        362          0          0       2068   temperature.o
      2260        442          0         18       4000       6638   ui.o

    ----------------------------------------------------------------------
     15852       1448      17292         92      18832     406844   Object Totals
         0          0         32          0          0          0   (incl. Generated)
        18          0          1          4          2          0   (incl. Padding)

    ----------------------------------------------------------------------

      Code (inc. data)   RO Data    RW Data    ZI Data      Debug   Library Member Name

         0          0          0          0          0          0   entry.o
         0          0          0          0          0          0   entry10a.o
         0          0          0          0          0          0   entry11a.o
         8          4          0          0          0          0   entry2.o
         4          0          0          0          0          0   entry5.o
         0          0          0          0          0          0   entry7b.o
         0          0          0          0          0          0   entry8b.o
         8          4          0          0          0          0   entry9a.o
        30          0          0          0          0          0   handlers.o
        36          8          0          0          0         68   init.o
         0          0          0          0          0          0   iusefp.o
        30          0          0          0          0         68   llshl.o
        36          0          0          0          0         68   llsshr.o
        32          0          0          0          0         68   llushr.o
        36          0          0          0          0         68   memcpya.o
        36          0          0          0          0        108   memseta.o
      2276         96          0          0          0        596   printfa.o
         0          0          0          4          0          0   stdout.o
        24          0          0          0          0         68   strcat.o
        14          0          0          0          0         68   strlen.o
        44          0          0          0          0         80   uidiv.o
        98          0          0          0          0         92   uldiv.o
        48          0          0          0          0         68   cdrcmple.o
        56          0          0          0          0         88   d2f.o
       334          0          0          0          0        148   dadd.o
       222          0          0          0          0        100   ddiv.o
       186          0          0          0          0        176   depilogue.o
        50          0          0          0          0         76   dfixui.o
        48          0          0          0          0         68   dfixul.o
        34          0          0          0          0         76   dflti.o
        26          0          0          0          0         76   dfltui.o
       228          0          0          0          0         96   dmul.o
        38          0          0          0          0         68   f2d.o
       124          0          0          0          0         88   fdiv.o
       110          0          0          0          0        168   fepilogue.o
        50          0          0          0          0         68   ffixi.o
        40          0          0          0          0         68   ffixui.o
        10          0          0          0          0         68   ffltui.o
       100          0          0          0          0         76   fmul.o

    ----------------------------------------------------------------------
      4420        112          0          4          0       2928   Library Totals
         4          0          0          0          0          0   (incl. Padding)

    ----------------------------------------------------------------------

      Code (inc. data)   RO Data    RW Data    ZI Data      Debug   Library Name

      2712        112          0          4          0       1352   mc_w.l
      1704          0          0          0          0       1576   mf_w.l

    ----------------------------------------------------------------------
      4420        112          0          4          0       2928   Library Totals

    ----------------------------------------------------------------------

==============================================================================


      Code (inc. data)   RO Data    RW Data    ZI Data      Debug   

     20272       1560      17292         96      18832     401396   Grand Totals
     20272       1560      17292         96      18832     401396   ELF Image Totals
     20272       1560      17292         96          0          0   ROM Totals

==============================================================================

    Total RO  Size (Code + RO Data)                37564 (  36.68kB)
    Total RW  Size (RW Data + ZI Data)             18928 (  18.48kB)
    Total ROM Size (Code + RO Data + RW Data)      37660 (  36.78kB)

==============================================================================

