<html>
<body>
<pre>
<h1>礦ision Build Log</h1>
<h2>Tool Versions:</h2>
IDE-Version: μVision V5.15
Copyright (C) 2015 ARM Ltd and ARM Germany GmbH. All rights reserved.
License Information: xx 高洪伟, yzu, LIC=6XJFW-QPRCX-ZC4JY-I1MK8-EWBZC-T72JJ
 
Tool Versions:
Toolchain:       MDK-ARM Professional  Version: 5.15.0
Toolchain Path:  D:\keil\ARM\ARMCC\Bin
C Compiler:      Armcc.exe V5.05 update 2 (build 169)
Assembler:       Armasm.exe V5.05 update 2 (build 169)
Linker/Locator:  ArmLink.exe V5.05 update 2 (build 169)
Library Manager: ArmAr.exe V5.05 update 2 (build 169)
Hex Converter:   FromElf.exe V5.05 update 2 (build 169)
CPU DLL:         SARMCM3.DLL V5.15.0
Dialog DLL:      DCM.DLL V1.13.2.0
Target DLL:      STLink\ST-LINKIII-KEIL_SWO.dll V2.0.15.0_KEIL
Dialog DLL:      TCM.DLL V1.14.5.0
 
<h2>Project:</h2>
C:\Users\高洪伟\Desktop\实践\大四课设\HandUp\Project\Template.uvprojx
Project File Date:  09/25/2019

<h2>Output:</h2>
*** Using Compiler 'V5.05 update 2 (build 169)', folder: 'D:\keil\ARM\ARMCC\Bin'
Build target 'Target 1'
compiling ui.c...
..\User\UI\ui.c(101): warning:  #167-D: argument of type "u8 *" is incompatible with parameter of type "char *restrict"
                        sprintf(temp_array, "%2.1f",calcuTem(temp_adc_num));    
..\User\UI\ui.c(163): warning:  #167-D: argument of type "u8 *" is incompatible with parameter of type "char *restrict"
                                sprintf(temp_array, "%i%%",n_sp02);                             
..\User\UI\ui.c(177): warning:  #177-D: variable "temp_array" was declared but never referenced
        u8 temp_array[20];
..\User\UI\ui.c(179): warning:  #177-D: variable "temp_adc_num" was declared but never referenced
        u16 temp_adc_num=0;
..\User\UI\ui.c(275): warning:  #167-D: argument of type "u8 *" is incompatible with parameter of type "char *restrict"
                        sprintf(temp_array, ": %2.1f",calcuTem(temp_adc_num));  
..\User\UI\ui.c(339): warning:  #167-D: argument of type "u8 *" is incompatible with parameter of type "char *restrict"
                                sprintf(temp_array, ": %i%% ",n_sp02);                          
..\User\UI\ui.c: 6 warnings, 0 errors
linking...
Program Size: Code=20272 RO-data=17292 RW-data=96 ZI-data=18832  
FromELF: creating hex file...
".\Objects\Blood_Oxygen_Instrument.axf" - 0 Error(s), 6 Warning(s).

<h2>Collection of Component include folders:</h2>
  C:\Users\高洪伟\Desktop\实践\大四课设\HandUp\Project\RTE
  D:\keil\ARM\PACK\Keil\STM32F1xx_DFP\1.1.0\Device\Include

<h2>Collection of Component Files used:</h2>
</pre>
</body>
</html>
