<html>
<body>
<pre>
<h1>礦ision Build Log</h1>
<h2>Tool Versions:</h2>
IDE-Version: μVision V5.15
Copyright (C) 2015 ARM Ltd and ARM Germany GmbH. All rights reserved.
License Information: xx 高洪伟, yzu, LIC=6XJFW-QPRCX-ZC4JY-I1MK8-EWBZC-T72JJ
 
Tool Versions:
Toolchain:       MDK-ARM Professional  Version: 5.15.0
Toolchain Path:  D:\keil\ARM\ARMCC\Bin
C Compiler:      Armcc.exe V5.05 update 2 (build 169)
Assembler:       Armasm.exe V5.05 update 2 (build 169)
Linker/Locator:  ArmLink.exe V5.05 update 2 (build 169)
Library Manager: ArmAr.exe V5.05 update 2 (build 169)
Hex Converter:   FromElf.exe V5.05 update 2 (build 169)
CPU DLL:         SARMCM3.DLL V5.15.0
Dialog DLL:      DCM.DLL V1.13.2.0
Target DLL:      STLink\ST-LINKIII-KEIL_SWO.dll V2.0.15.0_KEIL
Dialog DLL:      TCM.DLL V1.14.5.0
 
<h2>Project:</h2>
C:\Users\高洪伟\Desktop\实践\大四课设\HandUp\Project\Template.uvprojx
Project File Date:  09/18/2019

<h2>Output:</h2>
*** Using Compiler 'V5.05 update 2 (build 169)', folder: 'D:\keil\ARM\ARMCC\Bin'
Build target 'Target 1'
compiling main.c...
..\User\main.c(51): warning:  #177-D: variable "heart_num" was declared but never referenced
        u16 temp_adc_num=0, heart_num=0,temp_show_led=0;
..\User\main.c(51): warning:  #177-D: variable "temp_show_led" was declared but never referenced
        u16 temp_adc_num=0, heart_num=0,temp_show_led=0;
..\User\main.c(59): warning:  #550-D: variable "un_prev_data" was set but never used
        uint32_t un_min, un_max, un_prev_data;  
..\User\main.c(61): warning:  #177-D: variable "n_brightness" was declared but never referenced
        int32_t n_brightness;
..\User\main.c(62): warning:  #177-D: variable "f_temp" was declared but never referenced
        float f_temp;
..\User\main.c(63): warning:  #177-D: variable "temp_num" was declared but never referenced
        u8 temp_num=0;
..\User\main.c(65): warning:  #177-D: variable "str" was declared but never referenced
        u8 str[100];
..\User\main.c(66): warning:  #177-D: variable "dis_hr" was declared but never referenced
        u8 dis_hr=0,dis_spo2=0;
..\User\main.c(66): warning:  #177-D: variable "dis_spo2" was declared but never referenced
        u8 dis_hr=0,dis_spo2=0;
..\User\main.c: 9 warnings, 0 errors
compiling ui.c...
..\User\UI\ui.c(105): warning:  #167-D: argument of type "u8 *" is incompatible with parameter of type "char *restrict"
                        sprintf(temp_array, "%2.1f",calcuTem(temp_adc_num));    
..\User\UI\ui.c(167): warning:  #167-D: argument of type "u8 *" is incompatible with parameter of type "char *restrict"
                                sprintf(temp_array, "%i",n_sp02);                               
..\User\UI\ui.c(76): warning:  #177-D: variable "x_pix_base" was declared but never referenced
        int x_pix_base = 20;
..\User\UI\ui.c(77): warning:  #177-D: variable "heart_num" was declared but never referenced
        u16 temp_adc_num=0, heart_num=0,temp_show_led=0;
..\User\UI\ui.c(77): warning:  #177-D: variable "temp_show_led" was declared but never referenced
        u16 temp_adc_num=0, heart_num=0,temp_show_led=0;
..\User\UI\ui.c(78): warning:  #177-D: variable "raise_2" was declared but never referenced
        u16 raise_2, raise_1;
..\User\UI\ui.c(78): warning:  #177-D: variable "raise_1" was declared but never referenced
        u16 raise_2, raise_1;
..\User\UI\ui.c(80): warning:  #177-D: variable "ADC_ConvertedValueLocal" was declared but never referenced
        float ADC_ConvertedValueLocal[Sample_Num]; 
..\User\UI\ui.c(88): warning:  #177-D: variable "temp_num" was declared but never referenced
        u8 temp_num=0;
..\User\UI\ui.c(91): warning:  #177-D: variable "dis_hr" was declared but never referenced
        u8 dis_hr=0,dis_spo2=0;
..\User\UI\ui.c(91): warning:  #177-D: variable "dis_spo2" was declared but never referenced
        u8 dis_hr=0,dis_spo2=0;
..\User\UI\ui.c(237): warning:  #167-D: argument of type "u8 *" is incompatible with parameter of type "char *restrict"
                        sprintf(temp_array, ": %2.1f",calcuTem(temp_adc_num));  
..\User\UI\ui.c(301): warning:  #167-D: argument of type "u8 *" is incompatible with parameter of type "char *restrict"
                                sprintf(temp_array, ": %i ",n_sp02);                            
..\User\UI\ui.c(183): warning:  #177-D: variable "heart_num" was declared but never referenced
        u16 temp_adc_num=0, heart_num=0,temp_show_led=0;
..\User\UI\ui.c(183): warning:  #177-D: variable "temp_show_led" was declared but never referenced
        u16 temp_adc_num=0, heart_num=0,temp_show_led=0;
..\User\UI\ui.c(184): warning:  #177-D: variable "raise_2" was declared but never referenced
        u16 raise_2, raise_1;
..\User\UI\ui.c(184): warning:  #177-D: variable "raise_1" was declared but never referenced
        u16 raise_2, raise_1;
..\User\UI\ui.c(194): warning:  #177-D: variable "temp_num" was declared but never referenced
        u8 temp_num=0;
..\User\UI\ui.c(196): warning:  #177-D: variable "str" was declared but never referenced
        u8 str[100];
..\User\UI\ui.c(197): warning:  #177-D: variable "dis_hr" was declared but never referenced
        u8 dis_hr=0,dis_spo2=0;
..\User\UI\ui.c(197): warning:  #177-D: variable "dis_spo2" was declared but never referenced
        u8 dis_hr=0,dis_spo2=0;
..\User\UI\ui.c: 21 warnings, 0 errors
linking...
Program Size: Code=20098 RO-data=17294 RW-data=96 ZI-data=16016  
FromELF: creating hex file...
".\Objects\Template.axf" - 0 Error(s), 30 Warning(s).

<h2>Collection of Component include folders:</h2>
  C:\Users\高洪伟\Desktop\实践\大四课设\HandUp\Project\RTE
  D:\keil\ARM\PACK\Keil\STM32F1xx_DFP\1.1.0\Device\Include

<h2>Collection of Component Files used:</h2>
</pre>
</body>
</html>
